interactions:
- request:
    body: null
    headers:
      Accept:
      - application/json
      Accept-Encoding:
      - gzip, deflate
      Connection:
      - keep-alive
      User-Agent:
      - python-requests/2.26.0
    method: GET
    uri: http://localhost:19120/api/v1/trees/tree
  response:
    body:
      string: "{\n  \"type\" : \"BRANCH\",\n  \"name\" : \"main\",\n  \"hash\" : \"2e1cfa82b035c26cbbbdae632cea070514eb8b773f616aaeaf668e2f0be8f10d\"\n}"
    headers:
      Content-Length:
      - '121'
      Content-Type:
      - application/json
    status:
      code: 200
      message: OK
- request:
    body: null
    headers:
      Accept:
      - application/json
      Accept-Encoding:
      - gzip, deflate
      Connection:
      - keep-alive
      User-Agent:
      - python-requests/2.26.0
    method: GET
    uri: http://localhost:19120/api/v1/trees/tree/main
  response:
    body:
      string: "{\n  \"type\" : \"BRANCH\",\n  \"name\" : \"main\",\n  \"hash\" : \"2e1cfa82b035c26cbbbdae632cea070514eb8b773f616aaeaf668e2f0be8f10d\"\n}"
    headers:
      Content-Length:
      - '121'
      Content-Type:
      - application/json
    status:
      code: 200
      message: OK
- request:
    body: '{"hash": "2e1cfa82b035c26cbbbdae632cea070514eb8b773f616aaeaf668e2f0be8f10d",
      "name": "dev", "type": "BRANCH"}'
    headers:
      Accept:
      - '*/*'
      Accept-Encoding:
      - gzip, deflate
      Connection:
      - keep-alive
      Content-Length:
      - '109'
      Content-Type:
      - application/json
      User-Agent:
      - python-requests/2.26.0
    method: POST
    uri: http://localhost:19120/api/v1/trees/tree?sourceRefName=main
  response:
    body:
      string: "{\n  \"type\" : \"BRANCH\",\n  \"name\" : \"dev\",\n  \"hash\" : \"2e1cfa82b035c26cbbbdae632cea070514eb8b773f616aaeaf668e2f0be8f10d\"\n}"
    headers:
      Content-Length:
      - '120'
      Content-Type:
      - application/json
    status:
      code: 200
      message: OK
- request:
    body: null
    headers:
      Accept:
      - application/json
      Accept-Encoding:
      - gzip, deflate
      Connection:
      - keep-alive
      User-Agent:
      - python-requests/2.26.0
    method: GET
    uri: http://localhost:19120/api/v1/trees
  response:
    body:
      string: "[ {\n  \"type\" : \"BRANCH\",\n  \"name\" : \"main\",\n  \"hash\" :
        \"2e1cfa82b035c26cbbbdae632cea070514eb8b773f616aaeaf668e2f0be8f10d\"\n}, {\n
        \ \"type\" : \"BRANCH\",\n  \"name\" : \"dev\",\n  \"hash\" : \"2e1cfa82b035c26cbbbdae632cea070514eb8b773f616aaeaf668e2f0be8f10d\"\n}
        ]"
    headers:
      Content-Length:
      - '247'
      Content-Type:
      - application/json
    status:
      code: 200
      message: OK
- request:
    body: null
    headers:
      Accept:
      - application/json
      Accept-Encoding:
      - gzip, deflate
      Connection:
      - keep-alive
      User-Agent:
      - python-requests/2.26.0
    method: GET
    uri: http://localhost:19120/api/v1/contents/transplant.foo.bar?ref=dev
  response:
    body:
      string: "{\n  \"message\" : \"Requested contents do not exist for specified
        reference.\",\n  \"status\" : 404,\n  \"reason\" : \"Not Found\",\n  \"serverStackTrace\"
        : null\n}"
    headers:
      Content-Length:
      - '149'
      Content-Type:
      - application/json
    status:
      code: 404
      message: Not Found
- request:
    body: '{"operations": [{"contents": {"id": "test_transplant_1", "snapshotId":
      42, "metadataLocation": "/a/b/c", "type": "ICEBERG_TABLE"}, "expectedContents":
      null, "key": {"elements": ["transplant", "foo", "bar"]}, "type": "PUT"}], "commitMeta":
      {"authorTime": null, "properties": null, "committer": null, "message": "test
      message", "hash": null, "author": "nessie test", "signedOffBy": null, "commitTime":
      null}}'
    headers:
      Accept:
      - '*/*'
      Accept-Encoding:
      - gzip, deflate
      Connection:
      - keep-alive
      Content-Length:
      - '406'
      Content-Type:
      - application/json
      User-Agent:
      - python-requests/2.26.0
    method: POST
    uri: http://localhost:19120/api/v1/trees/branch/dev/commit?expectedHash=2e1cfa82b035c26cbbbdae632cea070514eb8b773f616aaeaf668e2f0be8f10d
  response:
    body:
      string: "{\n  \"type\" : \"BRANCH\",\n  \"name\" : \"dev\",\n  \"hash\" : \"9070cfe17aec5a4f53df90737ebd21b3ba0fed66a1e013a754b08564e26f4458\"\n}"
    headers:
      Content-Length:
      - '120'
      Content-Type:
      - application/json
    status:
      code: 200
      message: OK
- request:
    body: null
    headers:
      Accept:
      - application/json
      Accept-Encoding:
      - gzip, deflate
      Connection:
      - keep-alive
      User-Agent:
      - python-requests/2.26.0
    method: GET
    uri: http://localhost:19120/api/v1/trees
  response:
    body:
      string: "[ {\n  \"type\" : \"BRANCH\",\n  \"name\" : \"main\",\n  \"hash\" :
        \"2e1cfa82b035c26cbbbdae632cea070514eb8b773f616aaeaf668e2f0be8f10d\"\n}, {\n
        \ \"type\" : \"BRANCH\",\n  \"name\" : \"dev\",\n  \"hash\" : \"9070cfe17aec5a4f53df90737ebd21b3ba0fed66a1e013a754b08564e26f4458\"\n}
        ]"
    headers:
      Content-Length:
      - '247'
      Content-Type:
      - application/json
    status:
      code: 200
      message: OK
- request:
    body: null
    headers:
      Accept:
      - application/json
      Accept-Encoding:
      - gzip, deflate
      Connection:
      - keep-alive
      User-Agent:
      - python-requests/2.26.0
    method: GET
    uri: http://localhost:19120/api/v1/contents/bar.bar?ref=dev
  response:
    body:
      string: "{\n  \"message\" : \"Requested contents do not exist for specified
        reference.\",\n  \"status\" : 404,\n  \"reason\" : \"Not Found\",\n  \"serverStackTrace\"
        : null\n}"
    headers:
      Content-Length:
      - '149'
      Content-Type:
      - application/json
    status:
      code: 404
      message: Not Found
- request:
    body: '{"operations": [{"contents": {"id": "test_transplant_2", "snapshotId":
      42, "metadataLocation": "/a/b/c", "type": "ICEBERG_TABLE"}, "expectedContents":
      null, "key": {"elements": ["bar", "bar"]}, "type": "PUT"}], "commitMeta": {"authorTime":
      null, "properties": null, "committer": null, "message": "test message", "hash":
      null, "author": "nessie test", "signedOffBy": null, "commitTime": null}}'
    headers:
      Accept:
      - '*/*'
      Accept-Encoding:
      - gzip, deflate
      Connection:
      - keep-alive
      Content-Length:
      - '392'
      Content-Type:
      - application/json
      User-Agent:
      - python-requests/2.26.0
    method: POST
    uri: http://localhost:19120/api/v1/trees/branch/dev/commit?expectedHash=9070cfe17aec5a4f53df90737ebd21b3ba0fed66a1e013a754b08564e26f4458
  response:
    body:
      string: "{\n  \"type\" : \"BRANCH\",\n  \"name\" : \"dev\",\n  \"hash\" : \"432823def9af070795615a6d906b485572421c1561aac7549614bf1857d6370e\"\n}"
    headers:
      Content-Length:
      - '120'
      Content-Type:
      - application/json
    status:
      code: 200
      message: OK
- request:
    body: null
    headers:
      Accept:
      - application/json
      Accept-Encoding:
      - gzip, deflate
      Connection:
      - keep-alive
      User-Agent:
      - python-requests/2.26.0
    method: GET
    uri: http://localhost:19120/api/v1/trees
  response:
    body:
      string: "[ {\n  \"type\" : \"BRANCH\",\n  \"name\" : \"main\",\n  \"hash\" :
        \"2e1cfa82b035c26cbbbdae632cea070514eb8b773f616aaeaf668e2f0be8f10d\"\n}, {\n
        \ \"type\" : \"BRANCH\",\n  \"name\" : \"dev\",\n  \"hash\" : \"432823def9af070795615a6d906b485572421c1561aac7549614bf1857d6370e\"\n}
        ]"
    headers:
      Content-Length:
      - '247'
      Content-Type:
      - application/json
    status:
      code: 200
      message: OK
- request:
    body: null
    headers:
      Accept:
      - application/json
      Accept-Encoding:
      - gzip, deflate
      Connection:
      - keep-alive
      User-Agent:
      - python-requests/2.26.0
    method: GET
    uri: http://localhost:19120/api/v1/contents/foo.baz?ref=dev
  response:
    body:
      string: "{\n  \"message\" : \"Requested contents do not exist for specified
        reference.\",\n  \"status\" : 404,\n  \"reason\" : \"Not Found\",\n  \"serverStackTrace\"
        : null\n}"
    headers:
      Content-Length:
      - '149'
      Content-Type:
      - application/json
    status:
      code: 404
      message: Not Found
- request:
    body: '{"operations": [{"contents": {"id": "test_transplant_3", "snapshotId":
      42, "metadataLocation": "/a/b/c", "type": "ICEBERG_TABLE"}, "expectedContents":
      null, "key": {"elements": ["foo", "baz"]}, "type": "PUT"}], "commitMeta": {"authorTime":
      null, "properties": null, "committer": null, "message": "test message", "hash":
      null, "author": "nessie test", "signedOffBy": null, "commitTime": null}}'
    headers:
      Accept:
      - '*/*'
      Accept-Encoding:
      - gzip, deflate
      Connection:
      - keep-alive
      Content-Length:
      - '392'
      Content-Type:
      - application/json
      User-Agent:
      - python-requests/2.26.0
    method: POST
    uri: http://localhost:19120/api/v1/trees/branch/dev/commit?expectedHash=432823def9af070795615a6d906b485572421c1561aac7549614bf1857d6370e
  response:
    body:
      string: "{\n  \"type\" : \"BRANCH\",\n  \"name\" : \"dev\",\n  \"hash\" : \"45ed25ab6a3f5eee253241cee1be219b53ac161e4e6a8869c00c7e4c9149206a\"\n}"
    headers:
      Content-Length:
      - '120'
      Content-Type:
      - application/json
    status:
      code: 200
      message: OK
- request:
    body: null
    headers:
      Accept:
      - application/json
      Accept-Encoding:
      - gzip, deflate
      Connection:
      - keep-alive
      User-Agent:
      - python-requests/2.26.0
    method: GET
    uri: http://localhost:19120/api/v1/trees
  response:
    body:
      string: "[ {\n  \"type\" : \"BRANCH\",\n  \"name\" : \"main\",\n  \"hash\" :
        \"2e1cfa82b035c26cbbbdae632cea070514eb8b773f616aaeaf668e2f0be8f10d\"\n}, {\n
        \ \"type\" : \"BRANCH\",\n  \"name\" : \"dev\",\n  \"hash\" : \"45ed25ab6a3f5eee253241cee1be219b53ac161e4e6a8869c00c7e4c9149206a\"\n}
        ]"
    headers:
      Content-Length:
      - '247'
      Content-Type:
      - application/json
    status:
      code: 200
      message: OK
- request:
    body: null
    headers:
      Accept:
      - application/json
      Accept-Encoding:
      - gzip, deflate
      Connection:
      - keep-alive
      User-Agent:
      - python-requests/2.26.0
    method: GET
    uri: http://localhost:19120/api/v1/trees/tree/dev/log
  response:
    body:
      string: "{\n  \"hasMore\" : false,\n  \"token\" : null,\n  \"operations\" :
        [ {\n    \"hash\" : \"45ed25ab6a3f5eee253241cee1be219b53ac161e4e6a8869c00c7e4c9149206a\",\n
        \   \"committer\" : \"\",\n    \"author\" : \"nessie test\",\n    \"signedOffBy\"
        : null,\n    \"message\" : \"test message\",\n    \"commitTime\" : \"2021-10-15T15:46:10.890549Z\",\n
        \   \"authorTime\" : \"2021-10-15T15:46:10.890549Z\",\n    \"properties\"
        : { }\n  }, {\n    \"hash\" : \"432823def9af070795615a6d906b485572421c1561aac7549614bf1857d6370e\",\n
        \   \"committer\" : \"\",\n    \"author\" : \"nessie test\",\n    \"signedOffBy\"
        : null,\n    \"message\" : \"test message\",\n    \"commitTime\" : \"2021-10-15T15:46:10.851865Z\",\n
        \   \"authorTime\" : \"2021-10-15T15:46:10.851865Z\",\n    \"properties\"
        : { }\n  }, {\n    \"hash\" : \"9070cfe17aec5a4f53df90737ebd21b3ba0fed66a1e013a754b08564e26f4458\",\n
        \   \"committer\" : \"\",\n    \"author\" : \"nessie test\",\n    \"signedOffBy\"
        : null,\n    \"message\" : \"test message\",\n    \"commitTime\" : \"2021-10-15T15:46:10.814581Z\",\n
        \   \"authorTime\" : \"2021-10-15T15:46:10.814581Z\",\n    \"properties\"
        : { }\n  } ]\n}"
    headers:
      Content-Length:
      - '1025'
      Content-Type:
      - application/json
    status:
      code: 200
      message: OK
- request:
    body: null
    headers:
      Accept:
      - application/json
      Accept-Encoding:
      - gzip, deflate
      Connection:
      - keep-alive
      User-Agent:
      - python-requests/2.26.0
    method: GET
    uri: http://localhost:19120/api/v1/trees/tree
  response:
    body:
      string: "{\n  \"type\" : \"BRANCH\",\n  \"name\" : \"main\",\n  \"hash\" : \"2e1cfa82b035c26cbbbdae632cea070514eb8b773f616aaeaf668e2f0be8f10d\"\n}"
    headers:
      Content-Length:
      - '121'
      Content-Type:
      - application/json
    status:
      code: 200
      message: OK
- request:
    body: '{"hashesToTransplant": ["432823def9af070795615a6d906b485572421c1561aac7549614bf1857d6370e",
      "45ed25ab6a3f5eee253241cee1be219b53ac161e4e6a8869c00c7e4c9149206a"], "fromRefName":
      "dev"}'
    headers:
      Accept:
      - '*/*'
      Accept-Encoding:
      - gzip, deflate
      Connection:
      - keep-alive
      Content-Length:
      - '182'
      Content-Type:
      - application/json
      User-Agent:
      - python-requests/2.26.0
    method: POST
    uri: http://localhost:19120/api/v1/trees/branch/main/transplant?expectedHash=2e1cfa82b035c26cbbbdae632cea070514eb8b773f616aaeaf668e2f0be8f10d
  response:
    body:
      string: ''
    headers: {}
    status:
      code: 204
      message: No Content
- request:
    body: null
    headers:
      Accept:
      - application/json
      Accept-Encoding:
      - gzip, deflate
      Connection:
      - keep-alive
      User-Agent:
      - python-requests/2.26.0
    method: GET
    uri: http://localhost:19120/api/v1/trees/tree
  response:
    body:
      string: "{\n  \"type\" : \"BRANCH\",\n  \"name\" : \"main\",\n  \"hash\" : \"4ba13772c2fc80c830c00896f490eeb768f508241dd724d661289715b600e087\"\n}"
    headers:
      Content-Length:
      - '121'
      Content-Type:
      - application/json
    status:
      code: 200
      message: OK
- request:
    body: null
    headers:
      Accept:
      - application/json
      Accept-Encoding:
      - gzip, deflate
      Connection:
      - keep-alive
      User-Agent:
      - python-requests/2.26.0
    method: GET
    uri: http://localhost:19120/api/v1/trees/tree/main/log
  response:
    body:
      string: "{\n  \"hasMore\" : false,\n  \"token\" : null,\n  \"operations\" :
        [ {\n    \"hash\" : \"4ba13772c2fc80c830c00896f490eeb768f508241dd724d661289715b600e087\",\n
        \   \"committer\" : \"\",\n    \"author\" : \"nessie test\",\n    \"signedOffBy\"
        : null,\n    \"message\" : \"test message\",\n    \"commitTime\" : \"2021-10-15T15:46:10.890549Z\",\n
        \   \"authorTime\" : \"2021-10-15T15:46:10.890549Z\",\n    \"properties\"
        : { }\n  }, {\n    \"hash\" : \"2dd251a02e337545fb81c661f511c1294c79546cbe706c763dfaf1e02b6af65f\",\n
        \   \"committer\" : \"\",\n    \"author\" : \"nessie test\",\n    \"signedOffBy\"
        : null,\n    \"message\" : \"test message\",\n    \"commitTime\" : \"2021-10-15T15:46:10.851865Z\",\n
        \   \"authorTime\" : \"2021-10-15T15:46:10.851865Z\",\n    \"properties\"
        : { }\n  } ]\n}"
    headers:
      Content-Length:
      - '704'
      Content-Type:
      - application/json
    status:
      code: 200
      message: OK
- request:
    body: null
    headers:
      Accept:
      - application/json
      Accept-Encoding:
      - gzip, deflate
      Connection:
      - keep-alive
      User-Agent:
      - python-requests/2.26.0
    method: GET
    uri: http://localhost:19120/api/v1/contents/transplant.foo.bar?ref=main
  response:
    body:
      string: "{\n  \"message\" : \"Requested contents do not exist for specified
        reference.\",\n  \"status\" : 404,\n  \"reason\" : \"Not Found\",\n  \"serverStackTrace\"
        : null\n}"
    headers:
      Content-Length:
      - '149'
      Content-Type:
      - application/json
    status:
      code: 404
      message: Not Found
- request:
    body: '{"operations": [{"key": {"elements": ["transplant", "foo", "bar"]}, "type":
      "DELETE"}], "commitMeta": {"authorTime": null, "properties": null, "committer":
      null, "message": "delete_message", "hash": null, "author": null, "signedOffBy":
      null, "commitTime": null}}'
    headers:
      Accept:
      - '*/*'
      Accept-Encoding:
      - gzip, deflate
      Connection:
      - keep-alive
      Content-Length:
      - '262'
      Content-Type:
      - application/json
      User-Agent:
      - python-requests/2.26.0
    method: POST
    uri: http://localhost:19120/api/v1/trees/branch/main/commit?expectedHash=4ba13772c2fc80c830c00896f490eeb768f508241dd724d661289715b600e087
  response:
    body:
      string: "{\n  \"type\" : \"BRANCH\",\n  \"name\" : \"main\",\n  \"hash\" : \"23ce2f71cfc449b58b2f3c0dcff06b21edfeadc8199a48dce0d93268359984f7\"\n}"
    headers:
      Content-Length:
      - '121'
      Content-Type:
      - application/json
    status:
      code: 200
      message: OK
- request:
    body: null
    headers:
      Accept:
      - application/json
      Accept-Encoding:
      - gzip, deflate
      Connection:
      - keep-alive
      User-Agent:
      - python-requests/2.26.0
    method: GET
    uri: http://localhost:19120/api/v1/trees/tree/dev
  response:
    body:
      string: "{\n  \"type\" : \"BRANCH\",\n  \"name\" : \"dev\",\n  \"hash\" : \"45ed25ab6a3f5eee253241cee1be219b53ac161e4e6a8869c00c7e4c9149206a\"\n}"
    headers:
      Content-Length:
      - '120'
      Content-Type:
      - application/json
    status:
      code: 200
      message: OK
- request:
    body: null
    headers:
      Accept:
      - application/json
      Accept-Encoding:
      - gzip, deflate
      Connection:
      - keep-alive
      Content-Length:
      - '0'
      User-Agent:
      - python-requests/2.26.0
    method: DELETE
    uri: http://localhost:19120/api/v1/trees/branch/dev?expectedHash=45ed25ab6a3f5eee253241cee1be219b53ac161e4e6a8869c00c7e4c9149206a
  response:
    body:
      string: ''
    headers: {}
    status:
      code: 204
      message: No Content
- request:
    body: null
    headers:
      Accept:
      - application/json
      Accept-Encoding:
      - gzip, deflate
      Connection:
      - keep-alive
      User-Agent:
      - python-requests/2.26.0
    method: GET
    uri: http://localhost:19120/api/v1/trees/tree/main
  response:
    body:
      string: "{\n  \"type\" : \"BRANCH\",\n  \"name\" : \"main\",\n  \"hash\" : \"23ce2f71cfc449b58b2f3c0dcff06b21edfeadc8199a48dce0d93268359984f7\"\n}"
    headers:
      Content-Length:
      - '121'
      Content-Type:
      - application/json
    status:
      code: 200
      message: OK
- request:
    body: null
    headers:
      Accept:
      - application/json
      Accept-Encoding:
      - gzip, deflate
      Connection:
      - keep-alive
      Content-Length:
      - '0'
      User-Agent:
      - python-requests/2.26.0
    method: DELETE
    uri: http://localhost:19120/api/v1/trees/branch/main?expectedHash=23ce2f71cfc449b58b2f3c0dcff06b21edfeadc8199a48dce0d93268359984f7
  response:
    body:
      string: ''
    headers: {}
    status:
      code: 204
      message: No Content
- request:
    body: '{"hash": "2e1cfa82b035c26cbbbdae632cea070514eb8b773f616aaeaf668e2f0be8f10d",
      "name": "main", "type": "BRANCH"}'
    headers:
      Accept:
      - '*/*'
      Accept-Encoding:
      - gzip, deflate
      Connection:
      - keep-alive
      Content-Length:
      - '110'
      Content-Type:
      - application/json
      User-Agent:
      - python-requests/2.26.0
    method: POST
    uri: http://localhost:19120/api/v1/trees/tree?sourceRefName=main
  response:
    body:
      string: "{\n  \"type\" : \"BRANCH\",\n  \"name\" : \"main\",\n  \"hash\" : \"2e1cfa82b035c26cbbbdae632cea070514eb8b773f616aaeaf668e2f0be8f10d\"\n}"
    headers:
      Content-Length:
      - '121'
      Content-Type:
      - application/json
    status:
      code: 200
      message: OK
version: 1
