interactions:
- request:
    body: null
    headers:
      Accept:
      - application/json
      Accept-Encoding:
      - gzip, deflate
      Connection:
      - keep-alive
      User-Agent:
      - python-requests/2.24.0
    method: GET
    uri: http://localhost:19120/api/v1/trees/tree/main/log
  response:
    body:
      string: "{\n  \"hasMore\" : false,\n  \"token\" : null,\n  \"operations\" :\
        \ [ ]\n}"
    headers:
      Content-Length:
      - '63'
      Content-Type:
      - application/json
    status:
      code: 200
      message: OK
- request:
    body: null
    headers:
      Accept:
      - application/json
      Accept-Encoding:
      - gzip, deflate
      Connection:
      - keep-alive
      User-Agent:
      - python-requests/2.24.0
    method: GET
    uri: http://localhost:19120/api/v1/trees
  response:
    body:
      string: "[ {\n  \"type\" : \"BRANCH\",\n  \"name\" : \"main\",\n  \"hash\" :\
        \ \"2e1cfa82b035c26cbbbdae632cea070514eb8b773f616aaeaf668e2f0be8f10d\"\n}\
        \ ]"
    headers:
      Content-Length:
      - '125'
      Content-Type:
      - application/json
    status:
      code: 200
      message: OK
- request:
    body: null
    headers:
      Accept:
      - application/json
      Accept-Encoding:
      - gzip, deflate
      Connection:
      - keep-alive
      User-Agent:
      - python-requests/2.24.0
    method: GET
    uri: http://localhost:19120/api/v1/contents/foo.bar?ref=main
  response:
    body:
      string: "{\n  \"message\" : \"Requested contents do not exist for specified\
        \ reference.\",\n  \"status\" : 404,\n  \"reason\" : \"Not Found\",\n  \"\
        serverStackTrace\" : null\n}"
    headers:
      Content-Length:
      - '149'
      Content-Type:
      - application/json
    status:
      code: 404
      message: Not Found
- request:
    body: '{"commitMeta": {"hash": null, "properties": null, "commitTime": null, "author":
      null, "authorTime": null, "signedOffBy": null, "email": null, "message": "test_message",
      "committer": null}, "operations": [{"key": {"elements": ["foo", "bar"]}, "contents":
      {"id": "uuid", "metadataLocation": "/a/b/c", "type": "ICEBERG_TABLE"}, "type":
      "PUT"}]}'
    headers:
      Accept:
      - '*/*'
      Accept-Encoding:
      - gzip, deflate
      Connection:
      - keep-alive
      Content-Length:
      - '341'
      Content-Type:
      - application/json
      User-Agent:
      - python-requests/2.24.0
    method: POST
    uri: http://localhost:19120/api/v1/trees/branch/main/commit?expectedHash=2e1cfa82b035c26cbbbdae632cea070514eb8b773f616aaeaf668e2f0be8f10d
  response:
    body:
      string: "{\n  \"type\" : \"BRANCH\",\n  \"name\" : \"main\",\n  \"hash\" : \"\
        af9dd21118e3b69d06894d4531eba8820c4481cf9683a38cfe5ed4ef84a06848\"\n}"
    headers:
      Content-Length:
      - '121'
      Content-Type:
      - application/json
    status:
      code: 200
      message: OK
- request:
    body: null
    headers:
      Accept:
      - application/json
      Accept-Encoding:
      - gzip, deflate
      Connection:
      - keep-alive
      User-Agent:
      - python-requests/2.24.0
    method: GET
    uri: http://localhost:19120/api/v1/contents/foo.bar?ref=main
  response:
    body:
      string: "{\n  \"type\" : \"ICEBERG_TABLE\",\n  \"id\" : \"uuid\",\n  \"metadataLocation\"\
        \ : \"/a/b/c\"\n}"
    headers:
      Content-Length:
      - '80'
      Content-Type:
      - application/json
    status:
      code: 200
      message: OK
- request:
    body: null
    headers:
      Accept:
      - application/json
      Accept-Encoding:
      - gzip, deflate
      Connection:
      - keep-alive
      User-Agent:
      - python-requests/2.24.0
    method: GET
    uri: http://localhost:19120/api/v1/trees/tree/main/log
  response:
    body:
      string: "{\n  \"hasMore\" : false,\n  \"token\" : null,\n  \"operations\" :\
        \ [ {\n    \"hash\" : \"af9dd21118e3b69d06894d4531eba8820c4481cf9683a38cfe5ed4ef84a06848\"\
        ,\n    \"committer\" : \"\",\n    \"author\" : \"\",\n    \"signedOffBy\"\
        \ : null,\n    \"message\" : \"test_message\",\n    \"commitTime\" : \"2021-06-01T08:56:42.256146Z\"\
        ,\n    \"authorTime\" : \"2021-06-01T08:56:42.256146Z\",\n    \"properties\"\
        \ : { }\n  } ]\n}"
    headers:
      Content-Length:
      - '372'
      Content-Type:
      - application/json
    status:
      code: 200
      message: OK
- request:
    body: null
    headers:
      Accept:
      - application/json
      Accept-Encoding:
      - gzip, deflate
      Connection:
      - keep-alive
      User-Agent:
      - python-requests/2.24.0
    method: GET
    uri: http://localhost:19120/api/v1/trees/tree/af9dd21118e3b69d06894d4531eba8820c4481cf9683a38cfe5ed4ef84a06848/log
  response:
    body:
      string: "{\n  \"hasMore\" : false,\n  \"token\" : null,\n  \"operations\" :\
        \ [ {\n    \"hash\" : \"af9dd21118e3b69d06894d4531eba8820c4481cf9683a38cfe5ed4ef84a06848\"\
        ,\n    \"committer\" : \"\",\n    \"author\" : \"\",\n    \"signedOffBy\"\
        \ : null,\n    \"message\" : \"test_message\",\n    \"commitTime\" : \"2021-06-01T08:56:42.256146Z\"\
        ,\n    \"authorTime\" : \"2021-06-01T08:56:42.256146Z\",\n    \"properties\"\
        \ : { }\n  } ]\n}"
    headers:
      Content-Length:
      - '372'
      Content-Type:
      - application/json
    status:
      code: 200
      message: OK
- request:
    body: null
    headers:
      Accept:
      - application/json
      Accept-Encoding:
      - gzip, deflate
      Connection:
      - keep-alive
      User-Agent:
      - python-requests/2.24.0
    method: GET
    uri: http://localhost:19120/api/v1/trees/tree/main/entries
  response:
    body:
      string: "{\n  \"hasMore\" : false,\n  \"token\" : null,\n  \"entries\" : [ {\n\
        \    \"type\" : \"ICEBERG_TABLE\",\n    \"name\" : {\n      \"elements\" :\
        \ [ \"foo\", \"bar\" ]\n    }\n  } ]\n}"
    headers:
      Content-Length:
      - '153'
      Content-Type:
      - application/json
    status:
      code: 200
      message: OK
- request:
    body: null
    headers:
      Accept:
      - application/json
      Accept-Encoding:
      - gzip, deflate
      Connection:
      - keep-alive
      User-Agent:
      - python-requests/2.24.0
    method: GET
    uri: http://localhost:19120/api/v1/contents/foo.bar?ref=main
  response:
    body:
      string: "{\n  \"type\" : \"ICEBERG_TABLE\",\n  \"id\" : \"uuid\",\n  \"metadataLocation\"\
        \ : \"/a/b/c\"\n}"
    headers:
      Content-Length:
      - '80'
      Content-Type:
      - application/json
    status:
      code: 200
      message: OK
- request:
    body: '{"commitMeta": {"hash": null, "properties": null, "commitTime": null, "author":
      null, "authorTime": null, "signedOffBy": null, "email": null, "message": "delete_message",
      "committer": null}, "operations": [{"key": {"elements": ["foo", "bar"]}, "type":
      "DELETE"}]}'
    headers:
      Accept:
      - '*/*'
      Accept-Encoding:
      - gzip, deflate
      Connection:
      - keep-alive
      Content-Length:
      - '263'
      Content-Type:
      - application/json
      User-Agent:
      - python-requests/2.24.0
    method: POST
    uri: http://localhost:19120/api/v1/trees/branch/main/commit?expectedHash=af9dd21118e3b69d06894d4531eba8820c4481cf9683a38cfe5ed4ef84a06848
  response:
    body:
      string: "{\n  \"type\" : \"BRANCH\",\n  \"name\" : \"main\",\n  \"hash\" : \"\
        6886a6941978e57c4613a14ca54e55fb35a3cf6d15e33281123a2e90ac400e92\"\n}"
    headers:
      Content-Length:
      - '121'
      Content-Type:
      - application/json
    status:
      code: 200
      message: OK
- request:
    body: null
    headers:
      Accept:
      - application/json
      Accept-Encoding:
      - gzip, deflate
      Connection:
      - keep-alive
      User-Agent:
      - python-requests/2.24.0
    method: GET
    uri: http://localhost:19120/api/v1/trees/tree/main/log
  response:
    body:
      string: "{\n  \"hasMore\" : false,\n  \"token\" : null,\n  \"operations\" :\
        \ [ {\n    \"hash\" : \"6886a6941978e57c4613a14ca54e55fb35a3cf6d15e33281123a2e90ac400e92\"\
        ,\n    \"committer\" : \"\",\n    \"author\" : \"\",\n    \"signedOffBy\"\
        \ : null,\n    \"message\" : \"delete_message\",\n    \"commitTime\" : \"\
        2021-06-01T08:56:42.463729Z\",\n    \"authorTime\" : \"2021-06-01T08:56:42.463729Z\"\
        ,\n    \"properties\" : { }\n  }, {\n    \"hash\" : \"af9dd21118e3b69d06894d4531eba8820c4481cf9683a38cfe5ed4ef84a06848\"\
        ,\n    \"committer\" : \"\",\n    \"author\" : \"\",\n    \"signedOffBy\"\
        \ : null,\n    \"message\" : \"test_message\",\n    \"commitTime\" : \"2021-06-01T08:56:42.256146Z\"\
        ,\n    \"authorTime\" : \"2021-06-01T08:56:42.256146Z\",\n    \"properties\"\
        \ : { }\n  } ]\n}"
    headers:
      Content-Length:
      - '684'
      Content-Type:
      - application/json
    status:
      code: 200
      message: OK
- request:
    body: null
    headers:
      Accept:
      - application/json
      Accept-Encoding:
      - gzip, deflate
      Connection:
      - keep-alive
      User-Agent:
      - python-requests/2.24.0
    method: GET
    uri: http://localhost:19120/api/v1/trees/tree/6886a6941978e57c4613a14ca54e55fb35a3cf6d15e33281123a2e90ac400e92/log
  response:
    body:
      string: "{\n  \"hasMore\" : false,\n  \"token\" : null,\n  \"operations\" :\
        \ [ {\n    \"hash\" : \"6886a6941978e57c4613a14ca54e55fb35a3cf6d15e33281123a2e90ac400e92\"\
        ,\n    \"committer\" : \"\",\n    \"author\" : \"\",\n    \"signedOffBy\"\
        \ : null,\n    \"message\" : \"delete_message\",\n    \"commitTime\" : \"\
        2021-06-01T08:56:42.463729Z\",\n    \"authorTime\" : \"2021-06-01T08:56:42.463729Z\"\
        ,\n    \"properties\" : { }\n  }, {\n    \"hash\" : \"af9dd21118e3b69d06894d4531eba8820c4481cf9683a38cfe5ed4ef84a06848\"\
        ,\n    \"committer\" : \"\",\n    \"author\" : \"\",\n    \"signedOffBy\"\
        \ : null,\n    \"message\" : \"test_message\",\n    \"commitTime\" : \"2021-06-01T08:56:42.256146Z\"\
        ,\n    \"authorTime\" : \"2021-06-01T08:56:42.256146Z\",\n    \"properties\"\
        \ : { }\n  } ]\n}"
    headers:
      Content-Length:
      - '684'
      Content-Type:
      - application/json
    status:
      code: 200
      message: OK
version: 1
