interactions:
- request:
    body: '{"hash": null, "name": "dev", "type": "BRANCH"}'
    headers:
      Accept:
      - application/json
      Accept-Encoding:
      - gzip, deflate
      Connection:
      - keep-alive
      Content-Length:
      - '47'
      Content-Type:
      - application/json
      Nessie-Version:
      - 0.7.1
      User-Agent:
      - python-requests/2.25.1
    method: POST
    uri: http://localhost:19120/api/v1/trees/tree
  response:
    body:
      string: "{\n  \"type\" : \"BRANCH\",\n  \"name\" : \"dev\",\n  \"hash\" : \"2e1cfa82b035c26cbbbdae632cea070514eb8b773f616aaeaf668e2f0be8f10d\"\n}"
    headers:
      Content-Length:
      - '120'
      Content-Type:
      - application/json
      Nessie-Version:
      - 0.7.1-SNAPSHOT
    status:
      code: 200
      message: OK
- request:
    body: null
    headers:
      Accept:
      - application/json
      Accept-Encoding:
      - gzip, deflate
      Connection:
      - keep-alive
      Nessie-Version:
      - 0.7.1
      User-Agent:
      - python-requests/2.25.1
    method: GET
    uri: http://localhost:19120/api/v1/trees
  response:
    body:
      string: "[ {\n  \"type\" : \"BRANCH\",\n  \"name\" : \"main\",\n  \"hash\" :
        \"2e1cfa82b035c26cbbbdae632cea070514eb8b773f616aaeaf668e2f0be8f10d\"\n}, {\n
        \ \"type\" : \"BRANCH\",\n  \"name\" : \"dev\",\n  \"hash\" : \"2e1cfa82b035c26cbbbdae632cea070514eb8b773f616aaeaf668e2f0be8f10d\"\n}
        ]"
    headers:
      Content-Length:
      - '247'
      Content-Type:
      - application/json
      Nessie-Version:
      - 0.7.1-SNAPSHOT
    status:
      code: 200
      message: OK
- request:
    body: null
    headers:
      Accept:
      - application/json
      Accept-Encoding:
      - gzip, deflate
      Connection:
      - keep-alive
      Nessie-Version:
      - 0.7.1
      User-Agent:
      - python-requests/2.25.1
    method: GET
    uri: http://localhost:19120/api/v1/contents/foo.bar?ref=dev
  response:
    body:
      string: "{\n  \"message\" : \"Requested contents do not exist for specified
        reference.\",\n  \"status\" : 404,\n  \"reason\" : \"Not Found\",\n  \"serverStackTrace\"
        : null\n}"
    headers:
      Content-Length:
      - '149'
      Content-Type:
      - application/json
      Nessie-Version:
      - 0.7.1-SNAPSHOT
    status:
      code: 404
      message: Not Found
- request:
    body: '{"operations": [{"key": {"elements": ["foo", "bar"]}, "contents": {"id":
      "uuid", "metadataLocation": "/a/b/c", "type": "ICEBERG_TABLE"}, "type": "PUT"}],
      "commitMeta": {"properties": null, "committer": null, "author": null, "signedOffBy":
      null, "commitTime": null, "hash": null, "authorTime": null, "email": null, "message":
      "test_message"}}'
    headers:
      Accept:
      - application/json
      Accept-Encoding:
      - gzip, deflate
      Connection:
      - keep-alive
      Content-Length:
      - '341'
      Content-Type:
      - application/json
      Nessie-Version:
      - 0.7.1
      User-Agent:
      - python-requests/2.25.1
    method: POST
    uri: http://localhost:19120/api/v1/trees/branch/dev/commit?expectedHash=2e1cfa82b035c26cbbbdae632cea070514eb8b773f616aaeaf668e2f0be8f10d
  response:
    body:
      string: "{\n  \"type\" : \"BRANCH\",\n  \"name\" : \"dev\",\n  \"hash\" : \"91fb0e38196b41f26da3c77bbf1d75a2d0210f62c452900598af88114097260c\"\n}"
    headers:
      Content-Length:
      - '120'
      Content-Type:
      - application/json
      Nessie-Version:
      - 0.7.1-SNAPSHOT
    status:
      code: 200
      message: OK
- request:
    body: null
    headers:
      Accept:
      - application/json
      Accept-Encoding:
      - gzip, deflate
      Connection:
      - keep-alive
      Nessie-Version:
      - 0.7.1
      User-Agent:
      - python-requests/2.25.1
    method: GET
    uri: http://localhost:19120/api/v1/trees
  response:
    body:
      string: "[ {\n  \"type\" : \"BRANCH\",\n  \"name\" : \"main\",\n  \"hash\" :
        \"2e1cfa82b035c26cbbbdae632cea070514eb8b773f616aaeaf668e2f0be8f10d\"\n}, {\n
        \ \"type\" : \"BRANCH\",\n  \"name\" : \"dev\",\n  \"hash\" : \"91fb0e38196b41f26da3c77bbf1d75a2d0210f62c452900598af88114097260c\"\n}
        ]"
    headers:
      Content-Length:
      - '247'
      Content-Type:
      - application/json
      Nessie-Version:
      - 0.7.1-SNAPSHOT
    status:
      code: 200
      message: OK
- request:
    body: null
    headers:
      Accept:
      - application/json
      Accept-Encoding:
      - gzip, deflate
      Connection:
      - keep-alive
      Nessie-Version:
      - 0.7.1
      User-Agent:
      - python-requests/2.25.1
    method: GET
    uri: http://localhost:19120/api/v1/trees/tree/dev
  response:
    body:
      string: "{\n  \"type\" : \"BRANCH\",\n  \"name\" : \"dev\",\n  \"hash\" : \"91fb0e38196b41f26da3c77bbf1d75a2d0210f62c452900598af88114097260c\"\n}"
    headers:
      Content-Length:
      - '120'
      Content-Type:
      - application/json
      Nessie-Version:
      - 0.7.1-SNAPSHOT
    status:
      code: 200
      message: OK
- request:
    body: '{"fromHash": "91fb0e38196b41f26da3c77bbf1d75a2d0210f62c452900598af88114097260c"}'
    headers:
      Accept:
      - application/json
      Accept-Encoding:
      - gzip, deflate
      Connection:
      - keep-alive
      Content-Length:
      - '80'
      Content-Type:
      - application/json
      Nessie-Version:
      - 0.7.1
      User-Agent:
      - python-requests/2.25.1
    method: POST
    uri: http://localhost:19120/api/v1/trees/branch/main/merge?expectedHash=2e1cfa82b035c26cbbbdae632cea070514eb8b773f616aaeaf668e2f0be8f10d
  response:
    body:
      string: ''
    headers:
      Nessie-Version:
      - 0.7.1-SNAPSHOT
    status:
      code: 204
      message: No Content
- request:
    body: null
    headers:
      Accept:
      - application/json
      Accept-Encoding:
      - gzip, deflate
      Connection:
      - keep-alive
      Nessie-Version:
      - 0.7.1
      User-Agent:
      - python-requests/2.25.1
    method: GET
    uri: http://localhost:19120/api/v1/trees
  response:
    body:
      string: "[ {\n  \"type\" : \"BRANCH\",\n  \"name\" : \"main\",\n  \"hash\" :
        \"91fb0e38196b41f26da3c77bbf1d75a2d0210f62c452900598af88114097260c\"\n}, {\n
        \ \"type\" : \"BRANCH\",\n  \"name\" : \"dev\",\n  \"hash\" : \"91fb0e38196b41f26da3c77bbf1d75a2d0210f62c452900598af88114097260c\"\n}
        ]"
    headers:
      Content-Length:
      - '247'
      Content-Type:
      - application/json
      Nessie-Version:
      - 0.7.1-SNAPSHOT
    status:
      code: 200
      message: OK
- request:
    body: null
    headers:
      Accept:
      - application/json
      Accept-Encoding:
      - gzip, deflate
      Connection:
      - keep-alive
      Nessie-Version:
      - 0.7.1
      User-Agent:
      - python-requests/2.25.1
    method: GET
    uri: http://localhost:19120/api/v1/trees/tree/dev
  response:
    body:
      string: "{\n  \"type\" : \"BRANCH\",\n  \"name\" : \"dev\",\n  \"hash\" : \"91fb0e38196b41f26da3c77bbf1d75a2d0210f62c452900598af88114097260c\"\n}"
    headers:
      Content-Length:
      - '120'
      Content-Type:
      - application/json
      Nessie-Version:
      - 0.7.1-SNAPSHOT
    status:
      code: 200
      message: OK
- request:
    body: null
    headers:
      Accept:
      - application/json
      Accept-Encoding:
      - gzip, deflate
      Connection:
      - keep-alive
      Content-Length:
      - '0'
      Nessie-Version:
      - 0.7.1
      User-Agent:
      - python-requests/2.25.1
    method: DELETE
    uri: http://localhost:19120/api/v1/trees/branch/dev?expectedHash=91fb0e38196b41f26da3c77bbf1d75a2d0210f62c452900598af88114097260c
  response:
    body:
      string: ''
    headers:
      Nessie-Version:
      - 0.7.1-SNAPSHOT
    status:
      code: 204
      message: No Content
- request:
    body: null
    headers:
      Accept:
      - application/json
      Accept-Encoding:
      - gzip, deflate
      Connection:
      - keep-alive
      Nessie-Version:
      - 0.7.1
      User-Agent:
      - python-requests/2.25.1
    method: GET
    uri: http://localhost:19120/api/v1/trees/tree/main/log
  response:
    body:
      string: "{\n  \"hasMore\" : false,\n  \"token\" : null,\n  \"operations\" :
        [ {\n    \"hash\" : \"91fb0e38196b41f26da3c77bbf1d75a2d0210f62c452900598af88114097260c\",\n
        \   \"committer\" : \"\",\n    \"author\" : \"\",\n    \"signedOffBy\" : null,\n
        \   \"message\" : \"test_message\",\n    \"commitTime\" : \"2021-06-18T13:57:18.802976Z\",\n
        \   \"authorTime\" : \"2021-06-18T13:57:18.802976Z\",\n    \"properties\"
        : { }\n  } ]\n}"
    headers:
      Content-Length:
      - '372'
      Content-Type:
      - application/json
      Nessie-Version:
      - 0.7.1-SNAPSHOT
    status:
      code: 200
      message: OK
- request:
    body: null
    headers:
      Accept:
      - application/json
      Accept-Encoding:
      - gzip, deflate
      Connection:
      - keep-alive
      Nessie-Version:
      - 0.7.1
      User-Agent:
      - python-requests/2.25.1
    method: GET
    uri: http://localhost:19120/api/v1/contents/foo.bar?ref=main
  response:
    body:
      string: "{\n  \"type\" : \"ICEBERG_TABLE\",\n  \"id\" : \"uuid\",\n  \"metadataLocation\"
        : \"/a/b/c\"\n}"
    headers:
      Content-Length:
      - '80'
      Content-Type:
      - application/json
      Nessie-Version:
      - 0.7.1-SNAPSHOT
    status:
      code: 200
      message: OK
- request:
    body: '{"operations": [{"key": {"elements": ["foo", "bar"]}, "type": "DELETE"}],
      "commitMeta": {"properties": null, "committer": null, "author": null, "signedOffBy":
      null, "commitTime": null, "hash": null, "authorTime": null, "email": null, "message":
      "delete_message"}}'
    headers:
      Accept:
      - application/json
      Accept-Encoding:
      - gzip, deflate
      Connection:
      - keep-alive
      Content-Length:
      - '263'
      Content-Type:
      - application/json
      Nessie-Version:
      - 0.7.1
      User-Agent:
      - python-requests/2.25.1
    method: POST
    uri: http://localhost:19120/api/v1/trees/branch/main/commit?expectedHash=91fb0e38196b41f26da3c77bbf1d75a2d0210f62c452900598af88114097260c
  response:
    body:
      string: "{\n  \"type\" : \"BRANCH\",\n  \"name\" : \"main\",\n  \"hash\" : \"5e5a5f5514c8433c77893674bb8e09636f897fdba8faf5bd6a0e1883a12d6c17\"\n}"
    headers:
      Content-Length:
      - '121'
      Content-Type:
      - application/json
      Nessie-Version:
      - 0.7.1-SNAPSHOT
    status:
      code: 200
      message: OK
- request:
    body: null
    headers:
      Accept:
      - application/json
      Accept-Encoding:
      - gzip, deflate
      Connection:
      - keep-alive
      Nessie-Version:
      - 0.7.1
      User-Agent:
      - python-requests/2.25.1
    method: GET
    uri: http://localhost:19120/api/v1/trees/tree/main
  response:
    body:
      string: "{\n  \"type\" : \"BRANCH\",\n  \"name\" : \"main\",\n  \"hash\" : \"5e5a5f5514c8433c77893674bb8e09636f897fdba8faf5bd6a0e1883a12d6c17\"\n}"
    headers:
      Content-Length:
      - '121'
      Content-Type:
      - application/json
      Nessie-Version:
      - 0.7.1-SNAPSHOT
    status:
      code: 200
      message: OK
- request:
    body: null
    headers:
      Accept:
      - application/json
      Accept-Encoding:
      - gzip, deflate
      Connection:
      - keep-alive
      Content-Length:
      - '0'
      Nessie-Version:
      - 0.7.1
      User-Agent:
      - python-requests/2.25.1
    method: DELETE
    uri: http://localhost:19120/api/v1/trees/branch/main?expectedHash=5e5a5f5514c8433c77893674bb8e09636f897fdba8faf5bd6a0e1883a12d6c17
  response:
    body:
      string: ''
    headers:
      Nessie-Version:
      - 0.7.1-SNAPSHOT
    status:
      code: 204
      message: No Content
- request:
    body: '{"hash": null, "name": "main", "type": "BRANCH"}'
    headers:
      Accept:
      - application/json
      Accept-Encoding:
      - gzip, deflate
      Connection:
      - keep-alive
      Content-Length:
      - '48'
      Content-Type:
      - application/json
      Nessie-Version:
      - 0.7.1
      User-Agent:
      - python-requests/2.25.1
    method: POST
    uri: http://localhost:19120/api/v1/trees/tree
  response:
    body:
      string: "{\n  \"type\" : \"BRANCH\",\n  \"name\" : \"main\",\n  \"hash\" : \"2e1cfa82b035c26cbbbdae632cea070514eb8b773f616aaeaf668e2f0be8f10d\"\n}"
    headers:
      Content-Length:
      - '121'
      Content-Type:
      - application/json
      Nessie-Version:
      - 0.7.1-SNAPSHOT
    status:
      code: 200
      message: OK
version: 1
