interactions:
- request:
    body: '{"hash": null, "name": "dev", "type": "BRANCH"}'
    headers:
      Accept:
      - '*/*'
      Accept-Encoding:
      - gzip, deflate
      Connection:
      - keep-alive
      Content-Length:
      - '47'
      Content-Type:
      - application/json
      User-Agent:
      - python-requests/2.25.1
    method: POST
    uri: http://localhost:19120/api/v1/trees/tree
  response:
    body:
      string: "{\n  \"type\" : \"BRANCH\",\n  \"name\" : \"dev\",\n  \"hash\" : \"2e1cfa82b035c26cbbbdae632cea070514eb8b773f616aaeaf668e2f0be8f10d\"\n}"
    headers:
      Content-Length:
      - '120'
      Content-Type:
      - application/json
    status:
      code: 200
      message: OK
- request:
    body: null
    headers:
      Accept:
      - application/json
      Accept-Encoding:
      - gzip, deflate
      Connection:
      - keep-alive
      User-Agent:
      - python-requests/2.25.1
    method: GET
    uri: http://localhost:19120/api/v1/trees
  response:
    body:
      string: "[ {\n  \"type\" : \"BRANCH\",\n  \"name\" : \"main\",\n  \"hash\" :
        \"287655801a64016c7e6dad1cd80e22df79aa42584a83145ce0f6473416616c2c\"\n}, {\n
        \ \"type\" : \"BRANCH\",\n  \"name\" : \"dev\",\n  \"hash\" : \"2e1cfa82b035c26cbbbdae632cea070514eb8b773f616aaeaf668e2f0be8f10d\"\n}
        ]"
    headers:
      Content-Length:
      - '247'
      Content-Type:
      - application/json
    status:
      code: 200
      message: OK
- request:
    body: null
    headers:
      Accept:
      - application/json
      Accept-Encoding:
      - gzip, deflate
      Connection:
      - keep-alive
      User-Agent:
      - python-requests/2.25.1
    method: GET
    uri: http://localhost:19120/api/v1/contents/foo.bar?ref=dev
  response:
    body:
      string: "{\n  \"message\" : \"Requested contents do not exist for specified
        reference.\",\n  \"status\" : 404,\n  \"reason\" : \"Not Found\",\n  \"serverStackTrace\"
        : null\n}"
    headers:
      Content-Length:
      - '149'
      Content-Type:
      - application/json
    status:
      code: 404
      message: Not Found
- request:
    body: '{"commitMeta": {"email": null, "properties": null, "message": "test_message",
      "hash": null, "author": null, "commitTime": null, "committer": null, "authorTime":
      null, "signedOffBy": null}, "operations": [{"contents": {"id": "uuid", "metadataLocation":
      "/a/b/c", "type": "ICEBERG_TABLE"}, "key": {"elements": ["foo", "bar"]}, "type":
      "PUT"}]}'
    headers:
      Accept:
      - '*/*'
      Accept-Encoding:
      - gzip, deflate
      Connection:
      - keep-alive
      Content-Length:
      - '341'
      Content-Type:
      - application/json
      User-Agent:
      - python-requests/2.25.1
    method: POST
    uri: http://localhost:19120/api/v1/trees/branch/dev/commit?expectedHash=2e1cfa82b035c26cbbbdae632cea070514eb8b773f616aaeaf668e2f0be8f10d
  response:
    body:
      string: "{\n  \"type\" : \"BRANCH\",\n  \"name\" : \"dev\",\n  \"hash\" : \"d965c010d749921ac8a00e20e8ecc5819e72456129f9d0b9315941e0d8bbf0d0\"\n}"
    headers:
      Content-Length:
      - '120'
      Content-Type:
      - application/json
    status:
      code: 200
      message: OK
- request:
    body: null
    headers:
      Accept:
      - application/json
      Accept-Encoding:
      - gzip, deflate
      Connection:
      - keep-alive
      User-Agent:
      - python-requests/2.25.1
    method: GET
    uri: http://localhost:19120/api/v1/trees/tree/main
  response:
    body:
      string: "{\n  \"type\" : \"BRANCH\",\n  \"name\" : \"main\",\n  \"hash\" : \"287655801a64016c7e6dad1cd80e22df79aa42584a83145ce0f6473416616c2c\"\n}"
    headers:
      Content-Length:
      - '121'
      Content-Type:
      - application/json
    status:
      code: 200
      message: OK
- request:
    body: null
    headers:
      Accept:
      - application/json
      Accept-Encoding:
      - gzip, deflate
      Connection:
      - keep-alive
      User-Agent:
      - python-requests/2.25.1
    method: GET
    uri: http://localhost:19120/api/v1/trees/tree/dev
  response:
    body:
      string: "{\n  \"type\" : \"BRANCH\",\n  \"name\" : \"dev\",\n  \"hash\" : \"d965c010d749921ac8a00e20e8ecc5819e72456129f9d0b9315941e0d8bbf0d0\"\n}"
    headers:
      Content-Length:
      - '120'
      Content-Type:
      - application/json
    status:
      code: 200
      message: OK
- request:
    body: '{"hash": "d965c010d749921ac8a00e20e8ecc5819e72456129f9d0b9315941e0d8bbf0d0",
      "name": "main", "type": "BRANCH"}'
    headers:
      Accept:
      - '*/*'
      Accept-Encoding:
      - gzip, deflate
      Connection:
      - keep-alive
      Content-Length:
      - '110'
      Content-Type:
      - application/json
      User-Agent:
      - python-requests/2.25.1
    method: PUT
    uri: http://localhost:19120/api/v1/trees/branch/main?expectedHash=287655801a64016c7e6dad1cd80e22df79aa42584a83145ce0f6473416616c2c
  response:
    body:
      string: ''
    headers: {}
    status:
      code: 204
      message: No Content
- request:
    body: null
    headers:
      Accept:
      - application/json
      Accept-Encoding:
      - gzip, deflate
      Connection:
      - keep-alive
      User-Agent:
      - python-requests/2.25.1
    method: GET
    uri: http://localhost:19120/api/v1/trees
  response:
    body:
      string: "[ {\n  \"type\" : \"BRANCH\",\n  \"name\" : \"main\",\n  \"hash\" :
        \"d965c010d749921ac8a00e20e8ecc5819e72456129f9d0b9315941e0d8bbf0d0\"\n}, {\n
        \ \"type\" : \"BRANCH\",\n  \"name\" : \"dev\",\n  \"hash\" : \"d965c010d749921ac8a00e20e8ecc5819e72456129f9d0b9315941e0d8bbf0d0\"\n}
        ]"
    headers:
      Content-Length:
      - '247'
      Content-Type:
      - application/json
    status:
      code: 200
      message: OK
- request:
    body: null
    headers:
      Accept:
      - application/json
      Accept-Encoding:
      - gzip, deflate
      Connection:
      - keep-alive
      User-Agent:
      - python-requests/2.25.1
    method: GET
    uri: http://localhost:19120/api/v1/trees/tree/v1.0
  response:
    body:
      string: "{\n  \"message\" : \"Unable to find reference [v1.0].\",\n  \"status\"
        : 404,\n  \"reason\" : \"Not Found\",\n  \"serverStackTrace\" : null\n}"
    headers:
      Content-Length:
      - '125'
      Content-Type:
      - application/json
    status:
      code: 404
      message: Not Found
- request:
    body: null
    headers:
      Accept:
      - application/json
      Accept-Encoding:
      - gzip, deflate
      Connection:
      - keep-alive
      User-Agent:
      - python-requests/2.25.1
    method: GET
    uri: http://localhost:19120/api/v1/trees/tree/main
  response:
    body:
      string: "{\n  \"type\" : \"BRANCH\",\n  \"name\" : \"main\",\n  \"hash\" : \"d965c010d749921ac8a00e20e8ecc5819e72456129f9d0b9315941e0d8bbf0d0\"\n}"
    headers:
      Content-Length:
      - '121'
      Content-Type:
      - application/json
    status:
      code: 200
      message: OK
- request:
    body: '{"hash": "d965c010d749921ac8a00e20e8ecc5819e72456129f9d0b9315941e0d8bbf0d0",
      "name": "v1.0", "type": "TAG"}'
    headers:
      Accept:
      - '*/*'
      Accept-Encoding:
      - gzip, deflate
      Connection:
      - keep-alive
      Content-Length:
      - '107'
      Content-Type:
      - application/json
      User-Agent:
      - python-requests/2.25.1
    method: POST
    uri: http://localhost:19120/api/v1/trees/tree
  response:
    body:
      string: "{\n  \"type\" : \"TAG\",\n  \"name\" : \"v1.0\",\n  \"hash\" : \"d965c010d749921ac8a00e20e8ecc5819e72456129f9d0b9315941e0d8bbf0d0\"\n}"
    headers:
      Content-Length:
      - '118'
      Content-Type:
      - application/json
    status:
      code: 200
      message: OK
- request:
    body: null
    headers:
      Accept:
      - application/json
      Accept-Encoding:
      - gzip, deflate
      Connection:
      - keep-alive
      User-Agent:
      - python-requests/2.25.1
    method: GET
    uri: http://localhost:19120/api/v1/trees
  response:
    body:
      string: "[ {\n  \"type\" : \"BRANCH\",\n  \"name\" : \"main\",\n  \"hash\" :
        \"d965c010d749921ac8a00e20e8ecc5819e72456129f9d0b9315941e0d8bbf0d0\"\n}, {\n
        \ \"type\" : \"TAG\",\n  \"name\" : \"v1.0\",\n  \"hash\" : \"d965c010d749921ac8a00e20e8ecc5819e72456129f9d0b9315941e0d8bbf0d0\"\n},
        {\n  \"type\" : \"BRANCH\",\n  \"name\" : \"dev\",\n  \"hash\" : \"d965c010d749921ac8a00e20e8ecc5819e72456129f9d0b9315941e0d8bbf0d0\"\n}
        ]"
    headers:
      Content-Length:
      - '367'
      Content-Type:
      - application/json
    status:
      code: 200
      message: OK
- request:
    body: null
    headers:
      Accept:
      - application/json
      Accept-Encoding:
      - gzip, deflate
      Connection:
      - keep-alive
      User-Agent:
      - python-requests/2.25.1
    method: GET
    uri: http://localhost:19120/api/v1/trees/tree/v1.0
  response:
    body:
      string: "{\n  \"type\" : \"TAG\",\n  \"name\" : \"v1.0\",\n  \"hash\" : \"d965c010d749921ac8a00e20e8ecc5819e72456129f9d0b9315941e0d8bbf0d0\"\n}"
    headers:
      Content-Length:
      - '118'
      Content-Type:
      - application/json
    status:
      code: 200
      message: OK
- request:
    body: null
    headers:
      Accept:
      - application/json
      Accept-Encoding:
      - gzip, deflate
      Connection:
      - keep-alive
      User-Agent:
      - python-requests/2.25.1
    method: GET
    uri: http://localhost:19120/api/v1/trees/tree/dev
  response:
    body:
      string: "{\n  \"type\" : \"BRANCH\",\n  \"name\" : \"dev\",\n  \"hash\" : \"d965c010d749921ac8a00e20e8ecc5819e72456129f9d0b9315941e0d8bbf0d0\"\n}"
    headers:
      Content-Length:
      - '120'
      Content-Type:
      - application/json
    status:
      code: 200
      message: OK
- request:
    body: '{"hash": "d965c010d749921ac8a00e20e8ecc5819e72456129f9d0b9315941e0d8bbf0d0",
      "name": "v1.0", "type": "TAG"}'
    headers:
      Accept:
      - '*/*'
      Accept-Encoding:
      - gzip, deflate
      Connection:
      - keep-alive
      Content-Length:
      - '107'
      Content-Type:
      - application/json
      User-Agent:
      - python-requests/2.25.1
    method: PUT
    uri: http://localhost:19120/api/v1/trees/tag/v1.0?expectedHash=d965c010d749921ac8a00e20e8ecc5819e72456129f9d0b9315941e0d8bbf0d0
  response:
    body:
      string: ''
    headers: {}
    status:
      code: 204
      message: No Content
- request:
    body: null
    headers:
      Accept:
      - application/json
      Accept-Encoding:
      - gzip, deflate
      Connection:
      - keep-alive
      User-Agent:
      - python-requests/2.25.1
    method: GET
    uri: http://localhost:19120/api/v1/trees
  response:
    body:
      string: "[ {\n  \"type\" : \"BRANCH\",\n  \"name\" : \"main\",\n  \"hash\" :
        \"d965c010d749921ac8a00e20e8ecc5819e72456129f9d0b9315941e0d8bbf0d0\"\n}, {\n
        \ \"type\" : \"TAG\",\n  \"name\" : \"v1.0\",\n  \"hash\" : \"d965c010d749921ac8a00e20e8ecc5819e72456129f9d0b9315941e0d8bbf0d0\"\n},
        {\n  \"type\" : \"BRANCH\",\n  \"name\" : \"dev\",\n  \"hash\" : \"d965c010d749921ac8a00e20e8ecc5819e72456129f9d0b9315941e0d8bbf0d0\"\n}
        ]"
    headers:
      Content-Length:
      - '367'
      Content-Type:
      - application/json
    status:
      code: 200
      message: OK
- request:
    body: null
    headers:
      Accept:
      - application/json
      Accept-Encoding:
      - gzip, deflate
      Connection:
      - keep-alive
      User-Agent:
      - python-requests/2.25.1
    method: GET
    uri: http://localhost:19120/api/v1/trees/tree/dev
  response:
    body:
      string: "{\n  \"type\" : \"BRANCH\",\n  \"name\" : \"dev\",\n  \"hash\" : \"d965c010d749921ac8a00e20e8ecc5819e72456129f9d0b9315941e0d8bbf0d0\"\n}"
    headers:
      Content-Length:
      - '120'
      Content-Type:
      - application/json
    status:
      code: 200
      message: OK
- request:
    body: null
    headers:
      Accept:
      - application/json
      Accept-Encoding:
      - gzip, deflate
      Connection:
      - keep-alive
      Content-Length:
      - '0'
      User-Agent:
      - python-requests/2.25.1
    method: DELETE
    uri: http://localhost:19120/api/v1/trees/branch/dev?expectedHash=d965c010d749921ac8a00e20e8ecc5819e72456129f9d0b9315941e0d8bbf0d0
  response:
    body:
      string: ''
    headers: {}
    status:
      code: 204
      message: No Content
- request:
    body: null
    headers:
      Accept:
      - application/json
      Accept-Encoding:
      - gzip, deflate
      Connection:
      - keep-alive
      User-Agent:
      - python-requests/2.25.1
    method: GET
    uri: http://localhost:19120/api/v1/trees/tree/v1.0
  response:
    body:
      string: "{\n  \"type\" : \"TAG\",\n  \"name\" : \"v1.0\",\n  \"hash\" : \"d965c010d749921ac8a00e20e8ecc5819e72456129f9d0b9315941e0d8bbf0d0\"\n}"
    headers:
      Content-Length:
      - '118'
      Content-Type:
      - application/json
    status:
      code: 200
      message: OK
- request:
    body: null
    headers:
      Accept:
      - application/json
      Accept-Encoding:
      - gzip, deflate
      Connection:
      - keep-alive
      Content-Length:
      - '0'
      User-Agent:
      - python-requests/2.25.1
    method: DELETE
    uri: http://localhost:19120/api/v1/trees/tag/v1.0?expectedHash=d965c010d749921ac8a00e20e8ecc5819e72456129f9d0b9315941e0d8bbf0d0
  response:
    body:
      string: ''
    headers: {}
    status:
      code: 204
      message: No Content
- request:
    body: null
    headers:
      Accept:
      - application/json
      Accept-Encoding:
      - gzip, deflate
      Connection:
      - keep-alive
      User-Agent:
      - python-requests/2.25.1
    method: GET
    uri: http://localhost:19120/api/v1/trees/tree/main/log
  response:
    body:
      string: "{\n  \"hasMore\" : false,\n  \"token\" : null,\n  \"operations\" :
        [ {\n    \"hash\" : \"d965c010d749921ac8a00e20e8ecc5819e72456129f9d0b9315941e0d8bbf0d0\",\n
        \   \"committer\" : \"\",\n    \"author\" : \"\",\n    \"signedOffBy\" : null,\n
        \   \"message\" : \"test_message\",\n    \"commitTime\" : \"2021-06-21T16:04:09.544543Z\",\n
        \   \"authorTime\" : \"2021-06-21T16:04:09.544543Z\",\n    \"properties\"
        : { }\n  } ]\n}"
    headers:
      Content-Length:
      - '372'
      Content-Type:
      - application/json
    status:
      code: 200
      message: OK
- request:
    body: null
    headers:
      Accept:
      - application/json
      Accept-Encoding:
      - gzip, deflate
      Connection:
      - keep-alive
      User-Agent:
      - python-requests/2.25.1
    method: GET
    uri: http://localhost:19120/api/v1/contents/foo.bar?ref=main
  response:
    body:
      string: "{\n  \"type\" : \"ICEBERG_TABLE\",\n  \"id\" : \"uuid\",\n  \"metadataLocation\"
        : \"/a/b/c\"\n}"
    headers:
      Content-Length:
      - '80'
      Content-Type:
      - application/json
    status:
      code: 200
      message: OK
- request:
    body: '{"commitMeta": {"email": null, "properties": null, "message": "delete_message",
      "hash": null, "author": null, "commitTime": null, "committer": null, "authorTime":
      null, "signedOffBy": null}, "operations": [{"key": {"elements": ["foo", "bar"]},
      "type": "DELETE"}]}'
    headers:
      Accept:
      - '*/*'
      Accept-Encoding:
      - gzip, deflate
      Connection:
      - keep-alive
      Content-Length:
      - '263'
      Content-Type:
      - application/json
      User-Agent:
      - python-requests/2.25.1
    method: POST
    uri: http://localhost:19120/api/v1/trees/branch/main/commit?expectedHash=d965c010d749921ac8a00e20e8ecc5819e72456129f9d0b9315941e0d8bbf0d0
  response:
    body:
      string: "{\n  \"type\" : \"BRANCH\",\n  \"name\" : \"main\",\n  \"hash\" : \"0030964933b6bedebaa5db0861d17029c225003b4a82de93597eb8f03356b784\"\n}"
    headers:
      Content-Length:
      - '121'
      Content-Type:
      - application/json
    status:
      code: 200
      message: OK
- request:
    body: null
    headers:
      Accept:
      - application/json
      Accept-Encoding:
      - gzip, deflate
      Connection:
      - keep-alive
      User-Agent:
      - python-requests/2.25.1
    method: GET
    uri: http://localhost:19120/api/v1/trees/tree/main
  response:
    body:
      string: "{\n  \"type\" : \"BRANCH\",\n  \"name\" : \"main\",\n  \"hash\" : \"0030964933b6bedebaa5db0861d17029c225003b4a82de93597eb8f03356b784\"\n}"
    headers:
      Content-Length:
      - '121'
      Content-Type:
      - application/json
    status:
      code: 200
      message: OK
- request:
    body: null
    headers:
      Accept:
      - application/json
      Accept-Encoding:
      - gzip, deflate
      Connection:
      - keep-alive
      Content-Length:
      - '0'
      User-Agent:
      - python-requests/2.25.1
    method: DELETE
    uri: http://localhost:19120/api/v1/trees/branch/main?expectedHash=0030964933b6bedebaa5db0861d17029c225003b4a82de93597eb8f03356b784
  response:
    body:
      string: ''
    headers: {}
    status:
      code: 204
      message: No Content
- request:
    body: '{"hash": null, "name": "main", "type": "BRANCH"}'
    headers:
      Accept:
      - '*/*'
      Accept-Encoding:
      - gzip, deflate
      Connection:
      - keep-alive
      Content-Length:
      - '48'
      Content-Type:
      - application/json
      User-Agent:
      - python-requests/2.25.1
    method: POST
    uri: http://localhost:19120/api/v1/trees/tree
  response:
    body:
      string: "{\n  \"type\" : \"BRANCH\",\n  \"name\" : \"main\",\n  \"hash\" : \"2e1cfa82b035c26cbbbdae632cea070514eb8b773f616aaeaf668e2f0be8f10d\"\n}"
    headers:
      Content-Length:
      - '121'
      Content-Type:
      - application/json
    status:
      code: 200
      message: OK
version: 1
