interactions:
- request:
    body: null
    headers:
      Accept:
      - application/json
      Accept-Encoding:
      - gzip, deflate
      Connection:
      - keep-alive
      User-Agent:
      - python-requests/2.26.0
    method: GET
    uri: http://localhost:19120/api/v1/trees/tree/main
  response:
    body:
      string: "{\n  \"type\" : \"BRANCH\",\n  \"name\" : \"main\",\n  \"hash\" : \"2e1cfa82b035c26cbbbdae632cea070514eb8b773f616aaeaf668e2f0be8f10d\"\n}"
    headers:
      Content-Length:
      - '121'
      Content-Type:
      - application/json
    status:
      code: 200
      message: OK
- request:
    body: '{"hash": "2e1cfa82b035c26cbbbdae632cea070514eb8b773f616aaeaf668e2f0be8f10d",
      "name": "contents_listing_dev", "type": "BRANCH"}'
    headers:
      Accept:
      - '*/*'
      Accept-Encoding:
      - gzip, deflate
      Connection:
      - keep-alive
      Content-Length:
      - '126'
      Content-Type:
      - application/json
      User-Agent:
      - python-requests/2.26.0
    method: POST
    uri: http://localhost:19120/api/v1/trees/tree?sourceRefName=main
  response:
    body:
      string: "{\n  \"type\" : \"BRANCH\",\n  \"name\" : \"contents_listing_dev\",\n
        \ \"hash\" : \"2e1cfa82b035c26cbbbdae632cea070514eb8b773f616aaeaf668e2f0be8f10d\"\n}"
    headers:
      Content-Length:
      - '137'
      Content-Type:
      - application/json
    status:
      code: 200
      message: OK
- request:
    body: null
    headers:
      Accept:
      - application/json
      Accept-Encoding:
      - gzip, deflate
      Connection:
      - keep-alive
      User-Agent:
      - python-requests/2.26.0
    method: GET
    uri: http://localhost:19120/api/v1/trees
  response:
    body:
      string: "[ {\n  \"type\" : \"BRANCH\",\n  \"name\" : \"main\",\n  \"hash\" :
        \"2e1cfa82b035c26cbbbdae632cea070514eb8b773f616aaeaf668e2f0be8f10d\"\n}, {\n
        \ \"type\" : \"BRANCH\",\n  \"name\" : \"contents_listing_dev\",\n  \"hash\"
        : \"2e1cfa82b035c26cbbbdae632cea070514eb8b773f616aaeaf668e2f0be8f10d\"\n}
        ]"
    headers:
      Content-Length:
      - '264'
      Content-Type:
      - application/json
    status:
      code: 200
      message: OK
- request:
    body: null
    headers:
      Accept:
      - application/json
      Accept-Encoding:
      - gzip, deflate
      Connection:
      - keep-alive
      User-Agent:
      - python-requests/2.26.0
    method: GET
    uri: http://localhost:19120/api/v1/contents/this.is.iceberg.foo?ref=contents_listing_dev
  response:
    body:
      string: "{\n  \"message\" : \"Requested contents do not exist for specified
        reference.\",\n  \"status\" : 404,\n  \"reason\" : \"Not Found\",\n  \"serverStackTrace\"
        : null\n}"
    headers:
      Content-Length:
      - '149'
      Content-Type:
      - application/json
    status:
      code: 404
      message: Not Found
- request:
    body: '{"operations": [{"contents": {"metadataLocation": "/a/b/c", "snapshotId":
      42, "id": "test_contents_listing", "type": "ICEBERG_TABLE"}, "key": {"elements":
      ["this", "is", "iceberg", "foo"]}, "type": "PUT"}], "commitMeta": {"signedOffBy":
      null, "message": "test_message1", "author": "nessie-author1", "hash": null,
      "committer": null, "properties": null, "authorTime": null, "commitTime": null}}'
    headers:
      Accept:
      - '*/*'
      Accept-Encoding:
      - gzip, deflate
      Connection:
      - keep-alive
      Content-Length:
      - '392'
      Content-Type:
      - application/json
      User-Agent:
      - python-requests/2.26.0
    method: POST
    uri: http://localhost:19120/api/v1/trees/branch/contents_listing_dev/commit?expectedHash=2e1cfa82b035c26cbbbdae632cea070514eb8b773f616aaeaf668e2f0be8f10d
  response:
    body:
      string: "{\n  \"type\" : \"BRANCH\",\n  \"name\" : \"contents_listing_dev\",\n
        \ \"hash\" : \"e5c658f688c486e40801787d91afe5cf98125dcf117c48d18eb8f39d80d19b9e\"\n}"
    headers:
      Content-Length:
      - '137'
      Content-Type:
      - application/json
    status:
      code: 200
      message: OK
- request:
    body: null
    headers:
      Accept:
      - application/json
      Accept-Encoding:
      - gzip, deflate
      Connection:
      - keep-alive
      User-Agent:
      - python-requests/2.26.0
    method: GET
    uri: http://localhost:19120/api/v1/trees
  response:
    body:
      string: "[ {\n  \"type\" : \"BRANCH\",\n  \"name\" : \"main\",\n  \"hash\" :
        \"2e1cfa82b035c26cbbbdae632cea070514eb8b773f616aaeaf668e2f0be8f10d\"\n}, {\n
        \ \"type\" : \"BRANCH\",\n  \"name\" : \"contents_listing_dev\",\n  \"hash\"
        : \"e5c658f688c486e40801787d91afe5cf98125dcf117c48d18eb8f39d80d19b9e\"\n}
        ]"
    headers:
      Content-Length:
      - '264'
      Content-Type:
      - application/json
    status:
      code: 200
      message: OK
- request:
    body: null
    headers:
      Accept:
      - application/json
      Accept-Encoding:
      - gzip, deflate
      Connection:
      - keep-alive
      User-Agent:
      - python-requests/2.26.0
    method: GET
    uri: http://localhost:19120/api/v1/contents/this.is.delta.bar?ref=contents_listing_dev
  response:
    body:
      string: "{\n  \"message\" : \"Requested contents do not exist for specified
        reference.\",\n  \"status\" : 404,\n  \"reason\" : \"Not Found\",\n  \"serverStackTrace\"
        : null\n}"
    headers:
      Content-Length:
      - '149'
      Content-Type:
      - application/json
    status:
      code: 404
      message: Not Found
- request:
    body: '{"operations": [{"contents": {"checkpointLocationHistory": ["def"], "lastCheckpoint":
      "x", "metadataLocationHistory": ["asd"], "id": "uuid2", "type": "DELTA_LAKE_TABLE"},
      "key": {"elements": ["this", "is", "delta", "bar"]}, "type": "PUT"}], "commitMeta":
      {"signedOffBy": null, "message": "test_message2", "author": "nessie-author2",
      "hash": null, "committer": null, "properties": null, "authorTime": null, "commitTime":
      null}}'
    headers:
      Accept:
      - '*/*'
      Accept-Encoding:
      - gzip, deflate
      Connection:
      - keep-alive
      Content-Length:
      - '426'
      Content-Type:
      - application/json
      User-Agent:
      - python-requests/2.26.0
    method: POST
    uri: http://localhost:19120/api/v1/trees/branch/contents_listing_dev/commit?expectedHash=2e1cfa82b035c26cbbbdae632cea070514eb8b773f616aaeaf668e2f0be8f10d
  response:
    body:
      string: "{\n  \"type\" : \"BRANCH\",\n  \"name\" : \"contents_listing_dev\",\n
        \ \"hash\" : \"bbb886fb4cddda4ca1bf9a4cc969a1eedaeaf175f5b036f87010ad36be784c03\"\n}"
    headers:
      Content-Length:
      - '137'
      Content-Type:
      - application/json
    status:
      code: 200
      message: OK
- request:
    body: null
    headers:
      Accept:
      - application/json
      Accept-Encoding:
      - gzip, deflate
      Connection:
      - keep-alive
      User-Agent:
      - python-requests/2.26.0
    method: GET
    uri: http://localhost:19120/api/v1/trees
  response:
    body:
      string: "[ {\n  \"type\" : \"BRANCH\",\n  \"name\" : \"main\",\n  \"hash\" :
        \"2e1cfa82b035c26cbbbdae632cea070514eb8b773f616aaeaf668e2f0be8f10d\"\n}, {\n
        \ \"type\" : \"BRANCH\",\n  \"name\" : \"contents_listing_dev\",\n  \"hash\"
        : \"bbb886fb4cddda4ca1bf9a4cc969a1eedaeaf175f5b036f87010ad36be784c03\"\n}
        ]"
    headers:
      Content-Length:
      - '264'
      Content-Type:
      - application/json
    status:
      code: 200
      message: OK
- request:
    body: null
    headers:
      Accept:
      - application/json
      Accept-Encoding:
      - gzip, deflate
      Connection:
      - keep-alive
      User-Agent:
      - python-requests/2.26.0
    method: GET
    uri: http://localhost:19120/api/v1/contents/this.is.sql.baz?ref=contents_listing_dev
  response:
    body:
      string: "{\n  \"message\" : \"Requested contents do not exist for specified
        reference.\",\n  \"status\" : 404,\n  \"reason\" : \"Not Found\",\n  \"serverStackTrace\"
        : null\n}"
    headers:
      Content-Length:
      - '149'
      Content-Type:
      - application/json
    status:
      code: 404
      message: Not Found
- request:
    body: '{"operations": [{"contents": {"dialect": "SPARK", "id": "uuid3", "sqlText":
      "SELECT * FROM foo", "type": "VIEW"}, "key": {"elements": ["this", "is", "sql",
      "baz"]}, "type": "PUT"}], "commitMeta": {"signedOffBy": null, "message": "test_message3",
      "author": "nessie-author3", "hash": null, "committer": null, "properties": null,
      "authorTime": null, "commitTime": null}}'
    headers:
      Accept:
      - '*/*'
      Accept-Encoding:
      - gzip, deflate
      Connection:
      - keep-alive
      Content-Length:
      - '367'
      Content-Type:
      - application/json
      User-Agent:
      - python-requests/2.26.0
    method: POST
    uri: http://localhost:19120/api/v1/trees/branch/contents_listing_dev/commit?expectedHash=2e1cfa82b035c26cbbbdae632cea070514eb8b773f616aaeaf668e2f0be8f10d
  response:
    body:
      string: "{\n  \"type\" : \"BRANCH\",\n  \"name\" : \"contents_listing_dev\",\n
        \ \"hash\" : \"0351dbe6cde46578ebede3141b7eb4a2790a56b844d3285b0ed39b88912d4953\"\n}"
    headers:
      Content-Length:
      - '137'
      Content-Type:
      - application/json
    status:
      code: 200
      message: OK
- request:
    body: null
    headers:
      Accept:
      - application/json
      Accept-Encoding:
      - gzip, deflate
      Connection:
      - keep-alive
      User-Agent:
      - python-requests/2.26.0
    method: GET
    uri: http://localhost:19120/api/v1/contents/this.is.iceberg.foo?ref=contents_listing_dev
  response:
    body:
      string: "{\n  \"type\" : \"ICEBERG_TABLE\",\n  \"id\" : \"test_contents_listing\",\n
        \ \"metadataLocation\" : \"/a/b/c\",\n  \"snapshotId\" : 42\n}"
    headers:
      Content-Length:
      - '118'
      Content-Type:
      - application/json
    status:
      code: 200
      message: OK
- request:
    body: null
    headers:
      Accept:
      - application/json
      Accept-Encoding:
      - gzip, deflate
      Connection:
      - keep-alive
      User-Agent:
      - python-requests/2.26.0
    method: GET
    uri: http://localhost:19120/api/v1/contents/this.is.delta.bar?ref=contents_listing_dev
  response:
    body:
      string: "{\n  \"type\" : \"DELTA_LAKE_TABLE\",\n  \"id\" : \"uuid2\",\n  \"metadataLocationHistory\"
        : [ \"asd\" ],\n  \"checkpointLocationHistory\" : [ \"def\" ],\n  \"lastCheckpoint\"
        : \"x\"\n}"
    headers:
      Content-Length:
      - '161'
      Content-Type:
      - application/json
    status:
      code: 200
      message: OK
- request:
    body: null
    headers:
      Accept:
      - application/json
      Accept-Encoding:
      - gzip, deflate
      Connection:
      - keep-alive
      User-Agent:
      - python-requests/2.26.0
    method: GET
    uri: http://localhost:19120/api/v1/trees/tree/contents_listing_dev/entries?query_expression=entry.contentType+in+%5B%27ICEBERG_TABLE%27%5D
  response:
    body:
      string: "{\n  \"hasMore\" : false,\n  \"token\" : null,\n  \"entries\" : [ {\n
        \   \"type\" : \"ICEBERG_TABLE\",\n    \"name\" : {\n      \"elements\" :
        [ \"this\", \"is\", \"iceberg\", \"foo\" ]\n    }\n  } ]\n}"
    headers:
      Content-Length:
      - '171'
      Content-Type:
      - application/json
    status:
      code: 200
      message: OK
- request:
    body: null
    headers:
      Accept:
      - application/json
      Accept-Encoding:
      - gzip, deflate
      Connection:
      - keep-alive
      User-Agent:
      - python-requests/2.26.0
    method: GET
    uri: http://localhost:19120/api/v1/trees/tree/contents_listing_dev/entries?query_expression=entry.contentType+in+%5B%27DELTA_LAKE_TABLE%27%5D
  response:
    body:
      string: "{\n  \"hasMore\" : false,\n  \"token\" : null,\n  \"entries\" : [ {\n
        \   \"type\" : \"DELTA_LAKE_TABLE\",\n    \"name\" : {\n      \"elements\"
        : [ \"this\", \"is\", \"delta\", \"bar\" ]\n    }\n  } ]\n}"
    headers:
      Content-Length:
      - '172'
      Content-Type:
      - application/json
    status:
      code: 200
      message: OK
- request:
    body: null
    headers:
      Accept:
      - application/json
      Accept-Encoding:
      - gzip, deflate
      Connection:
      - keep-alive
      User-Agent:
      - python-requests/2.26.0
    method: GET
    uri: http://localhost:19120/api/v1/trees/tree/contents_listing_dev/entries?query_expression=entry.contentType+%3D%3D+%27ICEBERG_TABLE%27
  response:
    body:
      string: "{\n  \"hasMore\" : false,\n  \"token\" : null,\n  \"entries\" : [ {\n
        \   \"type\" : \"ICEBERG_TABLE\",\n    \"name\" : {\n      \"elements\" :
        [ \"this\", \"is\", \"iceberg\", \"foo\" ]\n    }\n  } ]\n}"
    headers:
      Content-Length:
      - '171'
      Content-Type:
      - application/json
    status:
      code: 200
      message: OK
- request:
    body: null
    headers:
      Accept:
      - application/json
      Accept-Encoding:
      - gzip, deflate
      Connection:
      - keep-alive
      User-Agent:
      - python-requests/2.26.0
    method: GET
    uri: http://localhost:19120/api/v1/trees/tree/contents_listing_dev/entries?query_expression=entry.contentType+in+%5B%27ICEBERG_TABLE%27%2C+%27DELTA_LAKE_TABLE%27%5D
  response:
    body:
      string: "{\n  \"hasMore\" : false,\n  \"token\" : null,\n  \"entries\" : [ {\n
        \   \"type\" : \"DELTA_LAKE_TABLE\",\n    \"name\" : {\n      \"elements\"
        : [ \"this\", \"is\", \"delta\", \"bar\" ]\n    }\n  }, {\n    \"type\" :
        \"ICEBERG_TABLE\",\n    \"name\" : {\n      \"elements\" : [ \"this\", \"is\",
        \"iceberg\", \"foo\" ]\n    }\n  } ]\n}"
    headers:
      Content-Length:
      - '284'
      Content-Type:
      - application/json
    status:
      code: 200
      message: OK
- request:
    body: null
    headers:
      Accept:
      - application/json
      Accept-Encoding:
      - gzip, deflate
      Connection:
      - keep-alive
      User-Agent:
      - python-requests/2.26.0
    method: GET
    uri: http://localhost:19120/api/v1/trees/tree/contents_listing_dev/entries?query_expression=entry.namespace.startsWith%28%27this.is.del%27%29
  response:
    body:
      string: "{\n  \"hasMore\" : false,\n  \"token\" : null,\n  \"entries\" : [ {\n
        \   \"type\" : \"DELTA_LAKE_TABLE\",\n    \"name\" : {\n      \"elements\"
        : [ \"this\", \"is\", \"delta\", \"bar\" ]\n    }\n  } ]\n}"
    headers:
      Content-Length:
      - '172'
      Content-Type:
      - application/json
    status:
      code: 200
      message: OK
- request:
    body: null
    headers:
      Accept:
      - application/json
      Accept-Encoding:
      - gzip, deflate
      Connection:
      - keep-alive
      User-Agent:
      - python-requests/2.26.0
    method: GET
    uri: http://localhost:19120/api/v1/trees/tree/contents_listing_dev/entries?query_expression=entry.namespace.startsWith%28%27this.is%27%29
  response:
    body:
      string: "{\n  \"hasMore\" : false,\n  \"token\" : null,\n  \"entries\" : [ {\n
        \   \"type\" : \"VIEW\",\n    \"name\" : {\n      \"elements\" : [ \"this\",
        \"is\", \"sql\", \"baz\" ]\n    }\n  }, {\n    \"type\" : \"DELTA_LAKE_TABLE\",\n
        \   \"name\" : {\n      \"elements\" : [ \"this\", \"is\", \"delta\", \"bar\"
        ]\n    }\n  }, {\n    \"type\" : \"ICEBERG_TABLE\",\n    \"name\" : {\n      \"elements\"
        : [ \"this\", \"is\", \"iceberg\", \"foo\" ]\n    }\n  } ]\n}"
    headers:
      Content-Length:
      - '383'
      Content-Type:
      - application/json
    status:
      code: 200
      message: OK
- request:
    body: null
    headers:
      Accept:
      - application/json
      Accept-Encoding:
      - gzip, deflate
      Connection:
      - keep-alive
      User-Agent:
      - python-requests/2.26.0
    method: GET
    uri: http://localhost:19120/api/v1/trees/tree/contents_listing_dev
  response:
    body:
      string: "{\n  \"type\" : \"BRANCH\",\n  \"name\" : \"contents_listing_dev\",\n
        \ \"hash\" : \"0351dbe6cde46578ebede3141b7eb4a2790a56b844d3285b0ed39b88912d4953\"\n}"
    headers:
      Content-Length:
      - '137'
      Content-Type:
      - application/json
    status:
      code: 200
      message: OK
- request:
    body: null
    headers:
      Accept:
      - application/json
      Accept-Encoding:
      - gzip, deflate
      Connection:
      - keep-alive
      Content-Length:
      - '0'
      User-Agent:
      - python-requests/2.26.0
    method: DELETE
    uri: http://localhost:19120/api/v1/trees/branch/contents_listing_dev?expectedHash=0351dbe6cde46578ebede3141b7eb4a2790a56b844d3285b0ed39b88912d4953
  response:
    body:
      string: ''
    headers: {}
    status:
      code: 204
      message: No Content
version: 1
