interactions:
- request:
    body: '{"name": "contents_listing_dev", "hash": null, "type": "BRANCH"}'
    headers:
      Accept:
      - '*/*'
      Accept-Encoding:
      - gzip, deflate
      Connection:
      - keep-alive
      Content-Length:
      - '64'
      Content-Type:
      - application/json
      User-Agent:
      - python-requests/2.26.0
    method: POST
    uri: http://localhost:19120/api/v1/trees/tree
  response:
    body:
      string: "{\n  \"type\" : \"BRANCH\",\n  \"name\" : \"contents_listing_dev\",\n
        \ \"hash\" : \"2e1cfa82b035c26cbbbdae632cea070514eb8b773f616aaeaf668e2f0be8f10d\"\n}"
    headers:
      Content-Length:
      - '137'
      Content-Type:
      - application/json
    status:
      code: 200
      message: OK
- request:
    body: null
    headers:
      Accept:
      - application/json
      Accept-Encoding:
      - gzip, deflate
      Connection:
      - keep-alive
      User-Agent:
      - python-requests/2.26.0
    method: GET
    uri: http://localhost:19120/api/v1/trees
  response:
    body:
      string: "[ {\n  \"type\" : \"BRANCH\",\n  \"name\" : \"contents_listing_dev\",\n
        \ \"hash\" : \"2e1cfa82b035c26cbbbdae632cea070514eb8b773f616aaeaf668e2f0be8f10d\"\n},
        {\n  \"type\" : \"BRANCH\",\n  \"name\" : \"main\",\n  \"hash\" : \"2e1cfa82b035c26cbbbdae632cea070514eb8b773f616aaeaf668e2f0be8f10d\"\n}
        ]"
    headers:
      Content-Length:
      - '264'
      Content-Type:
      - application/json
    status:
      code: 200
      message: OK
- request:
    body: null
    headers:
      Accept:
      - application/json
      Accept-Encoding:
      - gzip, deflate
      Connection:
      - keep-alive
      User-Agent:
      - python-requests/2.26.0
    method: GET
    uri: http://localhost:19120/api/v1/contents/this.is.iceberg.foo?ref=contents_listing_dev
  response:
    body:
      string: "{\n  \"message\" : \"Requested contents do not exist for specified
        reference.\",\n  \"status\" : 404,\n  \"reason\" : \"Not Found\",\n  \"serverStackTrace\"
        : null\n}"
    headers:
      Content-Length:
      - '149'
      Content-Type:
      - application/json
    status:
      code: 404
      message: Not Found
- request:
    body: '{"commitMeta": {"author": null, "properties": null, "authorTime": null,
      "committer": null, "signedOffBy": null, "commitTime": null, "message": "test_message1",
      "email": null, "hash": null}, "operations": [{"contents": {"metadataLocation":
      "/a/b/c", "id": "uuid", "type": "ICEBERG_TABLE"}, "key": {"elements": ["this",
      "is", "iceberg", "foo"]}, "type": "PUT"}]}'
    headers:
      Accept:
      - '*/*'
      Accept-Encoding:
      - gzip, deflate
      Connection:
      - keep-alive
      Content-Length:
      - '360'
      Content-Type:
      - application/json
      User-Agent:
      - python-requests/2.26.0
    method: POST
    uri: http://localhost:19120/api/v1/trees/branch/contents_listing_dev/commit?expectedHash=2e1cfa82b035c26cbbbdae632cea070514eb8b773f616aaeaf668e2f0be8f10d
  response:
    body:
      string: "{\n  \"type\" : \"BRANCH\",\n  \"name\" : \"contents_listing_dev\",\n
        \ \"hash\" : \"7d656d6d44103189fe3469593500e930a75977a923ca4239121f7978768f45a1\"\n}"
    headers:
      Content-Length:
      - '137'
      Content-Type:
      - application/json
    status:
      code: 200
      message: OK
- request:
    body: null
    headers:
      Accept:
      - application/json
      Accept-Encoding:
      - gzip, deflate
      Connection:
      - keep-alive
      User-Agent:
      - python-requests/2.26.0
    method: GET
    uri: http://localhost:19120/api/v1/trees
  response:
    body:
      string: "[ {\n  \"type\" : \"BRANCH\",\n  \"name\" : \"contents_listing_dev\",\n
        \ \"hash\" : \"7d656d6d44103189fe3469593500e930a75977a923ca4239121f7978768f45a1\"\n},
        {\n  \"type\" : \"BRANCH\",\n  \"name\" : \"main\",\n  \"hash\" : \"2e1cfa82b035c26cbbbdae632cea070514eb8b773f616aaeaf668e2f0be8f10d\"\n}
        ]"
    headers:
      Content-Length:
      - '264'
      Content-Type:
      - application/json
    status:
      code: 200
      message: OK
- request:
    body: null
    headers:
      Accept:
      - application/json
      Accept-Encoding:
      - gzip, deflate
      Connection:
      - keep-alive
      User-Agent:
      - python-requests/2.26.0
    method: GET
    uri: http://localhost:19120/api/v1/contents/this.is.delta.bar?ref=contents_listing_dev
  response:
    body:
      string: "{\n  \"message\" : \"Requested contents do not exist for specified
        reference.\",\n  \"status\" : 404,\n  \"reason\" : \"Not Found\",\n  \"serverStackTrace\"
        : null\n}"
    headers:
      Content-Length:
      - '149'
      Content-Type:
      - application/json
    status:
      code: 404
      message: Not Found
- request:
    body: '{"commitMeta": {"author": null, "properties": null, "authorTime": null,
      "committer": null, "signedOffBy": null, "commitTime": null, "message": "test_message2",
      "email": null, "hash": null}, "operations": [{"contents": {"id": "uuid2", "checkpointLocationHistory":
      ["def"], "metadataLocationHistory": ["asd"], "lastCheckpoint": "x", "type":
      "DELTA_LAKE_TABLE"}, "key": {"elements": ["this", "is", "delta", "bar"]}, "type":
      "PUT"}]}'
    headers:
      Accept:
      - '*/*'
      Accept-Encoding:
      - gzip, deflate
      Connection:
      - keep-alive
      Content-Length:
      - '429'
      Content-Type:
      - application/json
      User-Agent:
      - python-requests/2.26.0
    method: POST
    uri: http://localhost:19120/api/v1/trees/branch/contents_listing_dev/commit?expectedHash=7d656d6d44103189fe3469593500e930a75977a923ca4239121f7978768f45a1
  response:
    body:
      string: "{\n  \"type\" : \"BRANCH\",\n  \"name\" : \"contents_listing_dev\",\n
        \ \"hash\" : \"31e66b3135f5dcee528c02f2ecd238c3dff0c1dc8a1e80623731565b08ee1e86\"\n}"
    headers:
      Content-Length:
      - '137'
      Content-Type:
      - application/json
    status:
      code: 200
      message: OK
- request:
    body: null
    headers:
      Accept:
      - application/json
      Accept-Encoding:
      - gzip, deflate
      Connection:
      - keep-alive
      User-Agent:
      - python-requests/2.26.0
    method: GET
    uri: http://localhost:19120/api/v1/trees
  response:
    body:
      string: "[ {\n  \"type\" : \"BRANCH\",\n  \"name\" : \"contents_listing_dev\",\n
        \ \"hash\" : \"31e66b3135f5dcee528c02f2ecd238c3dff0c1dc8a1e80623731565b08ee1e86\"\n},
        {\n  \"type\" : \"BRANCH\",\n  \"name\" : \"main\",\n  \"hash\" : \"2e1cfa82b035c26cbbbdae632cea070514eb8b773f616aaeaf668e2f0be8f10d\"\n}
        ]"
    headers:
      Content-Length:
      - '264'
      Content-Type:
      - application/json
    status:
      code: 200
      message: OK
- request:
    body: null
    headers:
      Accept:
      - application/json
      Accept-Encoding:
      - gzip, deflate
      Connection:
      - keep-alive
      User-Agent:
      - python-requests/2.26.0
    method: GET
    uri: http://localhost:19120/api/v1/contents/this.is.sql.baz?ref=contents_listing_dev
  response:
    body:
      string: "{\n  \"message\" : \"Requested contents do not exist for specified
        reference.\",\n  \"status\" : 404,\n  \"reason\" : \"Not Found\",\n  \"serverStackTrace\"
        : null\n}"
    headers:
      Content-Length:
      - '149'
      Content-Type:
      - application/json
    status:
      code: 404
      message: Not Found
- request:
    body: '{"commitMeta": {"author": null, "properties": null, "authorTime": null,
      "committer": null, "signedOffBy": null, "commitTime": null, "message": "test_message3",
      "email": null, "hash": null}, "operations": [{"contents": {"sqlText": "SELECT
      * FROM foo", "id": "uuid3", "dialect": "HIVE", "type": "VIEW"}, "key": {"elements":
      ["this", "is", "sql", "baz"]}, "type": "PUT"}]}'
    headers:
      Accept:
      - '*/*'
      Accept-Encoding:
      - gzip, deflate
      Connection:
      - keep-alive
      Content-Length:
      - '369'
      Content-Type:
      - application/json
      User-Agent:
      - python-requests/2.26.0
    method: POST
    uri: http://localhost:19120/api/v1/trees/branch/contents_listing_dev/commit?expectedHash=31e66b3135f5dcee528c02f2ecd238c3dff0c1dc8a1e80623731565b08ee1e86
  response:
    body:
      string: "{\n  \"type\" : \"BRANCH\",\n  \"name\" : \"contents_listing_dev\",\n
        \ \"hash\" : \"b9efbda6645befbd8bdc0f53c53b601d65fd4d484234fc7446928bc152f52258\"\n}"
    headers:
      Content-Length:
      - '137'
      Content-Type:
      - application/json
    status:
      code: 200
      message: OK
- request:
    body: null
    headers:
      Accept:
      - application/json
      Accept-Encoding:
      - gzip, deflate
      Connection:
      - keep-alive
      User-Agent:
      - python-requests/2.26.0
    method: GET
    uri: http://localhost:19120/api/v1/contents/this.is.iceberg.foo?ref=contents_listing_dev
  response:
    body:
      string: "{\n  \"type\" : \"ICEBERG_TABLE\",\n  \"id\" : \"uuid\",\n  \"metadataLocation\"
        : \"/a/b/c\"\n}"
    headers:
      Content-Length:
      - '80'
      Content-Type:
      - application/json
    status:
      code: 200
      message: OK
- request:
    body: null
    headers:
      Accept:
      - application/json
      Accept-Encoding:
      - gzip, deflate
      Connection:
      - keep-alive
      User-Agent:
      - python-requests/2.26.0
    method: GET
    uri: http://localhost:19120/api/v1/contents/this.is.delta.bar?ref=contents_listing_dev
  response:
    body:
      string: "{\n  \"type\" : \"DELTA_LAKE_TABLE\",\n  \"id\" : \"uuid2\",\n  \"metadataLocationHistory\"
        : [ \"asd\" ],\n  \"checkpointLocationHistory\" : [ \"def\" ],\n  \"lastCheckpoint\"
        : \"x\"\n}"
    headers:
      Content-Length:
      - '161'
      Content-Type:
      - application/json
    status:
      code: 200
      message: OK
- request:
    body: null
    headers:
      Accept:
      - application/json
      Accept-Encoding:
      - gzip, deflate
      Connection:
      - keep-alive
      User-Agent:
      - python-requests/2.26.0
    method: GET
    uri: http://localhost:19120/api/v1/trees/tree/contents_listing_dev/entries?query_expression=entry.contentType+in+%5B%27ICEBERG_TABLE%27%5D
  response:
    body:
      string: "{\n  \"hasMore\" : false,\n  \"token\" : null,\n  \"entries\" : [ {\n
        \   \"type\" : \"ICEBERG_TABLE\",\n    \"name\" : {\n      \"elements\" :
        [ \"this\", \"is\", \"iceberg\", \"foo\" ]\n    }\n  } ]\n}"
    headers:
      Content-Length:
      - '171'
      Content-Type:
      - application/json
    status:
      code: 200
      message: OK
- request:
    body: null
    headers:
      Accept:
      - application/json
      Accept-Encoding:
      - gzip, deflate
      Connection:
      - keep-alive
      User-Agent:
      - python-requests/2.26.0
    method: GET
    uri: http://localhost:19120/api/v1/trees/tree/contents_listing_dev/entries?query_expression=entry.contentType+in+%5B%27DELTA_LAKE_TABLE%27%5D
  response:
    body:
      string: "{\n  \"hasMore\" : false,\n  \"token\" : null,\n  \"entries\" : [ {\n
        \   \"type\" : \"DELTA_LAKE_TABLE\",\n    \"name\" : {\n      \"elements\"
        : [ \"this\", \"is\", \"delta\", \"bar\" ]\n    }\n  } ]\n}"
    headers:
      Content-Length:
      - '172'
      Content-Type:
      - application/json
    status:
      code: 200
      message: OK
- request:
    body: null
    headers:
      Accept:
      - application/json
      Accept-Encoding:
      - gzip, deflate
      Connection:
      - keep-alive
      User-Agent:
      - python-requests/2.26.0
    method: GET
    uri: http://localhost:19120/api/v1/trees/tree/contents_listing_dev/entries?query_expression=entry.contentType+%3D%3D+%27ICEBERG_TABLE%27
  response:
    body:
      string: "{\n  \"hasMore\" : false,\n  \"token\" : null,\n  \"entries\" : [ {\n
        \   \"type\" : \"ICEBERG_TABLE\",\n    \"name\" : {\n      \"elements\" :
        [ \"this\", \"is\", \"iceberg\", \"foo\" ]\n    }\n  } ]\n}"
    headers:
      Content-Length:
      - '171'
      Content-Type:
      - application/json
    status:
      code: 200
      message: OK
- request:
    body: null
    headers:
      Accept:
      - application/json
      Accept-Encoding:
      - gzip, deflate
      Connection:
      - keep-alive
      User-Agent:
      - python-requests/2.26.0
    method: GET
    uri: http://localhost:19120/api/v1/trees/tree/contents_listing_dev/entries?query_expression=entry.contentType+in+%5B%27ICEBERG_TABLE%27%2C+%27DELTA_LAKE_TABLE%27%5D
  response:
    body:
      string: "{\n  \"hasMore\" : false,\n  \"token\" : null,\n  \"entries\" : [ {\n
        \   \"type\" : \"ICEBERG_TABLE\",\n    \"name\" : {\n      \"elements\" :
        [ \"this\", \"is\", \"iceberg\", \"foo\" ]\n    }\n  }, {\n    \"type\" :
        \"DELTA_LAKE_TABLE\",\n    \"name\" : {\n      \"elements\" : [ \"this\",
        \"is\", \"delta\", \"bar\" ]\n    }\n  } ]\n}"
    headers:
      Content-Length:
      - '284'
      Content-Type:
      - application/json
    status:
      code: 200
      message: OK
- request:
    body: null
    headers:
      Accept:
      - application/json
      Accept-Encoding:
      - gzip, deflate
      Connection:
      - keep-alive
      User-Agent:
      - python-requests/2.26.0
    method: GET
    uri: http://localhost:19120/api/v1/trees/tree/contents_listing_dev/entries?query_expression=entry.namespace.startsWith%28%27this.is.del%27%29
  response:
    body:
      string: "{\n  \"hasMore\" : false,\n  \"token\" : null,\n  \"entries\" : [ {\n
        \   \"type\" : \"DELTA_LAKE_TABLE\",\n    \"name\" : {\n      \"elements\"
        : [ \"this\", \"is\", \"delta\", \"bar\" ]\n    }\n  } ]\n}"
    headers:
      Content-Length:
      - '172'
      Content-Type:
      - application/json
    status:
      code: 200
      message: OK
- request:
    body: null
    headers:
      Accept:
      - application/json
      Accept-Encoding:
      - gzip, deflate
      Connection:
      - keep-alive
      User-Agent:
      - python-requests/2.26.0
    method: GET
    uri: http://localhost:19120/api/v1/trees/tree/contents_listing_dev/entries?query_expression=entry.namespace.startsWith%28%27this.is%27%29
  response:
    body:
      string: "{\n  \"hasMore\" : false,\n  \"token\" : null,\n  \"entries\" : [ {\n
        \   \"type\" : \"VIEW\",\n    \"name\" : {\n      \"elements\" : [ \"this\",
        \"is\", \"sql\", \"baz\" ]\n    }\n  }, {\n    \"type\" : \"ICEBERG_TABLE\",\n
        \   \"name\" : {\n      \"elements\" : [ \"this\", \"is\", \"iceberg\", \"foo\"
        ]\n    }\n  }, {\n    \"type\" : \"DELTA_LAKE_TABLE\",\n    \"name\" : {\n
        \     \"elements\" : [ \"this\", \"is\", \"delta\", \"bar\" ]\n    }\n  }
        ]\n}"
    headers:
      Content-Length:
      - '383'
      Content-Type:
      - application/json
    status:
      code: 200
      message: OK
- request:
    body: null
    headers:
      Accept:
      - application/json
      Accept-Encoding:
      - gzip, deflate
      Connection:
      - keep-alive
      User-Agent:
      - python-requests/2.26.0
    method: GET
    uri: http://localhost:19120/api/v1/trees/tree/contents_listing_dev
  response:
    body:
      string: "{\n  \"type\" : \"BRANCH\",\n  \"name\" : \"contents_listing_dev\",\n
        \ \"hash\" : \"b9efbda6645befbd8bdc0f53c53b601d65fd4d484234fc7446928bc152f52258\"\n}"
    headers:
      Content-Length:
      - '137'
      Content-Type:
      - application/json
    status:
      code: 200
      message: OK
- request:
    body: null
    headers:
      Accept:
      - application/json
      Accept-Encoding:
      - gzip, deflate
      Connection:
      - keep-alive
      Content-Length:
      - '0'
      User-Agent:
      - python-requests/2.26.0
    method: DELETE
    uri: http://localhost:19120/api/v1/trees/branch/contents_listing_dev?expectedHash=b9efbda6645befbd8bdc0f53c53b601d65fd4d484234fc7446928bc152f52258
  response:
    body:
      string: ''
    headers: {}
    status:
      code: 204
      message: No Content
version: 1
