interactions:
- request:
    body: null
    headers:
      Accept:
      - application/json
      Accept-Encoding:
      - gzip, deflate
      Connection:
      - keep-alive
      User-Agent:
      - python-requests/2.26.0
    method: GET
    uri: http://localhost:19120/api/v1/trees/tree
  response:
    body:
      string: "{\n  \"type\" : \"BRANCH\",\n  \"name\" : \"main\",\n  \"hash\" : \"2e1cfa82b035c26cbbbdae632cea070514eb8b773f616aaeaf668e2f0be8f10d\"\n}"
    headers:
      Content-Type:
      - application/json
      content-length:
      - '121'
    status:
      code: 200
      message: OK
- request:
    body: null
    headers:
      Accept:
      - application/json
      Accept-Encoding:
      - gzip, deflate
      Connection:
      - keep-alive
      User-Agent:
      - python-requests/2.26.0
    method: GET
    uri: http://localhost:19120/api/v1/trees/tree/main
  response:
    body:
      string: "{\n  \"type\" : \"BRANCH\",\n  \"name\" : \"main\",\n  \"hash\" : \"2e1cfa82b035c26cbbbdae632cea070514eb8b773f616aaeaf668e2f0be8f10d\"\n}"
    headers:
      Content-Type:
      - application/json
      content-length:
      - '121'
    status:
      code: 200
      message: OK
- request:
    body: '{"name": "dev", "hash": "2e1cfa82b035c26cbbbdae632cea070514eb8b773f616aaeaf668e2f0be8f10d",
      "type": "BRANCH"}'
    headers:
      Accept:
      - '*/*'
      Accept-Encoding:
      - gzip, deflate
      Connection:
      - keep-alive
      Content-Length:
      - '109'
      Content-Type:
      - application/json
      User-Agent:
      - python-requests/2.26.0
    method: POST
    uri: http://localhost:19120/api/v1/trees/tree?sourceRefName=main
  response:
    body:
      string: "{\n  \"type\" : \"BRANCH\",\n  \"name\" : \"dev\",\n  \"hash\" : \"2e1cfa82b035c26cbbbdae632cea070514eb8b773f616aaeaf668e2f0be8f10d\"\n}"
    headers:
      Content-Type:
      - application/json
      content-length:
      - '120'
    status:
      code: 200
      message: OK
- request:
    body: null
    headers:
      Accept:
      - application/json
      Accept-Encoding:
      - gzip, deflate
      Connection:
      - keep-alive
      User-Agent:
      - python-requests/2.26.0
    method: GET
    uri: http://localhost:19120/api/v1/trees
  response:
    body:
      string: "{\n  \"token\" : null,\n  \"references\" : [ {\n    \"type\" : \"BRANCH\",\n
        \   \"name\" : \"main\",\n    \"hash\" : \"2e1cfa82b035c26cbbbdae632cea070514eb8b773f616aaeaf668e2f0be8f10d\"\n
        \ }, {\n    \"type\" : \"BRANCH\",\n    \"name\" : \"dev\",\n    \"hash\"
        : \"2e1cfa82b035c26cbbbdae632cea070514eb8b773f616aaeaf668e2f0be8f10d\"\n  }
        ],\n  \"hasMore\" : false\n}"
    headers:
      Content-Type:
      - application/json
      content-length:
      - '323'
    status:
      code: 200
      message: OK
- request:
    body: null
    headers:
      Accept:
      - application/json
      Accept-Encoding:
      - gzip, deflate
      Connection:
      - keep-alive
      User-Agent:
      - python-requests/2.26.0
    method: GET
    uri: http://localhost:19120/api/v1/contents/assign.foo.bar?ref=dev
  response:
    body:
      string: "{\n  \"status\" : 404,\n  \"reason\" : \"Not Found\",\n  \"message\"
        : \"Could not find content for key 'assign.foo.bar' in reference 'dev'.\",\n
        \ \"errorCode\" : \"CONTENT_NOT_FOUND\",\n  \"serverStackTrace\" : null\n}"
    headers:
      Content-Type:
      - application/json
      content-length:
      - '197'
    status:
      code: 404
      message: Not Found
- request:
    body: '{"commitMeta": {"commitTime": null, "author": "nessie test", "authorTime":
      null, "hash": null, "properties": null, "committer": null, "message": "test
      message", "signedOffBy": null}, "operations": [{"expectedContent": null, "key":
      {"elements": ["assign", "foo", "bar"]}, "content": {"idGenerators": "xyz", "metadataLocation":
      "/a/b/c", "id": "test_assign", "type": "ICEBERG_TABLE"}, "type": "PUT"}]}'
    headers:
      Accept:
      - '*/*'
      Accept-Encoding:
      - gzip, deflate
      Connection:
      - keep-alive
      Content-Length:
      - '399'
      Content-Type:
      - application/json
      User-Agent:
      - python-requests/2.26.0
    method: POST
    uri: http://localhost:19120/api/v1/trees/branch/dev/commit?expectedHash=2e1cfa82b035c26cbbbdae632cea070514eb8b773f616aaeaf668e2f0be8f10d
  response:
    body:
      string: "{\n  \"type\" : \"BRANCH\",\n  \"name\" : \"dev\",\n  \"hash\" : \"9f983acf8888862652e98bb2528fc835afe1a119ad2f193e5158720438679e95\"\n}"
    headers:
      Content-Type:
      - application/json
      content-length:
      - '120'
    status:
      code: 200
      message: OK
- request:
    body: null
    headers:
      Accept:
      - application/json
      Accept-Encoding:
      - gzip, deflate
      Connection:
      - keep-alive
      User-Agent:
      - python-requests/2.26.0
    method: GET
    uri: http://localhost:19120/api/v1/trees/tree/dev
  response:
    body:
      string: "{\n  \"type\" : \"BRANCH\",\n  \"name\" : \"dev\",\n  \"hash\" : \"9f983acf8888862652e98bb2528fc835afe1a119ad2f193e5158720438679e95\"\n}"
    headers:
      Content-Type:
      - application/json
      content-length:
      - '120'
    status:
      code: 200
      message: OK
- request:
    body: '{"name": "main", "hash": "9f983acf8888862652e98bb2528fc835afe1a119ad2f193e5158720438679e95",
      "type": "BRANCH"}'
    headers:
      Accept:
      - '*/*'
      Accept-Encoding:
      - gzip, deflate
      Connection:
      - keep-alive
      Content-Length:
      - '110'
      Content-Type:
      - application/json
      User-Agent:
      - python-requests/2.26.0
    method: POST
    uri: http://localhost:19120/api/v1/trees/tree?sourceRefName=dev
  response:
    body:
      string: "{\n  \"status\" : 409,\n  \"reason\" : \"Conflict\",\n  \"message\"
        : \"Named reference 'main' already exists.\",\n  \"errorCode\" : \"REFERENCE_ALREADY_EXISTS\",\n
        \ \"serverStackTrace\" : null\n}"
    headers:
      Content-Type:
      - application/json
      content-length:
      - '174'
    status:
      code: 409
      message: Conflict
- request:
    body: null
    headers:
      Accept:
      - application/json
      Accept-Encoding:
      - gzip, deflate
      Connection:
      - keep-alive
      User-Agent:
      - python-requests/2.26.0
    method: GET
    uri: http://localhost:19120/api/v1/trees/tree/main
  response:
    body:
      string: "{\n  \"type\" : \"BRANCH\",\n  \"name\" : \"main\",\n  \"hash\" : \"2e1cfa82b035c26cbbbdae632cea070514eb8b773f616aaeaf668e2f0be8f10d\"\n}"
    headers:
      Content-Type:
      - application/json
      content-length:
      - '121'
    status:
      code: 200
      message: OK
- request:
    body: '{"name": "dev", "hash": "9f983acf8888862652e98bb2528fc835afe1a119ad2f193e5158720438679e95",
      "type": "BRANCH"}'
    headers:
      Accept:
      - '*/*'
      Accept-Encoding:
      - gzip, deflate
      Connection:
      - keep-alive
      Content-Length:
      - '109'
      Content-Type:
      - application/json
      User-Agent:
      - python-requests/2.26.0
    method: PUT
    uri: http://localhost:19120/api/v1/trees/branch/main?expectedHash=2e1cfa82b035c26cbbbdae632cea070514eb8b773f616aaeaf668e2f0be8f10d
  response:
    body:
      string: ''
    headers: {}
    status:
      code: 204
      message: No Content
- request:
    body: null
    headers:
      Accept:
      - application/json
      Accept-Encoding:
      - gzip, deflate
      Connection:
      - keep-alive
      User-Agent:
      - python-requests/2.26.0
    method: GET
    uri: http://localhost:19120/api/v1/trees
  response:
    body:
      string: "{\n  \"token\" : null,\n  \"references\" : [ {\n    \"type\" : \"BRANCH\",\n
        \   \"name\" : \"main\",\n    \"hash\" : \"9f983acf8888862652e98bb2528fc835afe1a119ad2f193e5158720438679e95\"\n
        \ }, {\n    \"type\" : \"BRANCH\",\n    \"name\" : \"dev\",\n    \"hash\"
        : \"9f983acf8888862652e98bb2528fc835afe1a119ad2f193e5158720438679e95\"\n  }
        ],\n  \"hasMore\" : false\n}"
    headers:
      Content-Type:
      - application/json
      content-length:
      - '323'
    status:
      code: 200
      message: OK
- request:
    body: null
    headers:
      Accept:
      - application/json
      Accept-Encoding:
      - gzip, deflate
      Connection:
      - keep-alive
      User-Agent:
      - python-requests/2.26.0
    method: GET
    uri: http://localhost:19120/api/v1/trees/tree/main
  response:
    body:
      string: "{\n  \"type\" : \"BRANCH\",\n  \"name\" : \"main\",\n  \"hash\" : \"9f983acf8888862652e98bb2528fc835afe1a119ad2f193e5158720438679e95\"\n}"
    headers:
      Content-Type:
      - application/json
      content-length:
      - '121'
    status:
      code: 200
      message: OK
- request:
    body: '{"name": "v1.0", "hash": "9f983acf8888862652e98bb2528fc835afe1a119ad2f193e5158720438679e95",
      "type": "TAG"}'
    headers:
      Accept:
      - '*/*'
      Accept-Encoding:
      - gzip, deflate
      Connection:
      - keep-alive
      Content-Length:
      - '107'
      Content-Type:
      - application/json
      User-Agent:
      - python-requests/2.26.0
    method: POST
    uri: http://localhost:19120/api/v1/trees/tree?sourceRefName=main
  response:
    body:
      string: "{\n  \"type\" : \"TAG\",\n  \"name\" : \"v1.0\",\n  \"hash\" : \"9f983acf8888862652e98bb2528fc835afe1a119ad2f193e5158720438679e95\"\n}"
    headers:
      Content-Type:
      - application/json
      content-length:
      - '118'
    status:
      code: 200
      message: OK
- request:
    body: null
    headers:
      Accept:
      - application/json
      Accept-Encoding:
      - gzip, deflate
      Connection:
      - keep-alive
      User-Agent:
      - python-requests/2.26.0
    method: GET
    uri: http://localhost:19120/api/v1/trees
  response:
    body:
      string: "{\n  \"token\" : null,\n  \"references\" : [ {\n    \"type\" : \"BRANCH\",\n
        \   \"name\" : \"main\",\n    \"hash\" : \"9f983acf8888862652e98bb2528fc835afe1a119ad2f193e5158720438679e95\"\n
        \ }, {\n    \"type\" : \"BRANCH\",\n    \"name\" : \"dev\",\n    \"hash\"
        : \"9f983acf8888862652e98bb2528fc835afe1a119ad2f193e5158720438679e95\"\n  },
        {\n    \"type\" : \"TAG\",\n    \"name\" : \"v1.0\",\n    \"hash\" : \"9f983acf8888862652e98bb2528fc835afe1a119ad2f193e5158720438679e95\"\n
        \ } ],\n  \"hasMore\" : false\n}"
    headers:
      Content-Type:
      - application/json
      content-length:
      - '451'
    status:
      code: 200
      message: OK
- request:
    body: null
    headers:
      Accept:
      - application/json
      Accept-Encoding:
      - gzip, deflate
      Connection:
      - keep-alive
      User-Agent:
      - python-requests/2.26.0
    method: GET
    uri: http://localhost:19120/api/v1/trees/tree/dev
  response:
    body:
      string: "{\n  \"type\" : \"BRANCH\",\n  \"name\" : \"dev\",\n  \"hash\" : \"9f983acf8888862652e98bb2528fc835afe1a119ad2f193e5158720438679e95\"\n}"
    headers:
      Content-Type:
      - application/json
      content-length:
      - '120'
    status:
      code: 200
      message: OK
- request:
    body: '{"name": "v1.0", "hash": "9f983acf8888862652e98bb2528fc835afe1a119ad2f193e5158720438679e95",
      "type": "TAG"}'
    headers:
      Accept:
      - '*/*'
      Accept-Encoding:
      - gzip, deflate
      Connection:
      - keep-alive
      Content-Length:
      - '107'
      Content-Type:
      - application/json
      User-Agent:
      - python-requests/2.26.0
    method: POST
    uri: http://localhost:19120/api/v1/trees/tree?sourceRefName=dev
  response:
    body:
      string: "{\n  \"status\" : 409,\n  \"reason\" : \"Conflict\",\n  \"message\"
        : \"Named reference 'v1.0' already exists.\",\n  \"errorCode\" : \"REFERENCE_ALREADY_EXISTS\",\n
        \ \"serverStackTrace\" : null\n}"
    headers:
      Content-Type:
      - application/json
      content-length:
      - '174'
    status:
      code: 409
      message: Conflict
- request:
    body: null
    headers:
      Accept:
      - application/json
      Accept-Encoding:
      - gzip, deflate
      Connection:
      - keep-alive
      User-Agent:
      - python-requests/2.26.0
    method: GET
    uri: http://localhost:19120/api/v1/trees/tree/v1.0
  response:
    body:
      string: "{\n  \"type\" : \"TAG\",\n  \"name\" : \"v1.0\",\n  \"hash\" : \"9f983acf8888862652e98bb2528fc835afe1a119ad2f193e5158720438679e95\"\n}"
    headers:
      Content-Type:
      - application/json
      content-length:
      - '118'
    status:
      code: 200
      message: OK
- request:
    body: '{"name": "dev", "hash": "9f983acf8888862652e98bb2528fc835afe1a119ad2f193e5158720438679e95",
      "type": "TAG"}'
    headers:
      Accept:
      - '*/*'
      Accept-Encoding:
      - gzip, deflate
      Connection:
      - keep-alive
      Content-Length:
      - '106'
      Content-Type:
      - application/json
      User-Agent:
      - python-requests/2.26.0
    method: PUT
    uri: http://localhost:19120/api/v1/trees/tag/v1.0?expectedHash=9f983acf8888862652e98bb2528fc835afe1a119ad2f193e5158720438679e95
  response:
    body:
      string: ''
    headers: {}
    status:
      code: 204
      message: No Content
- request:
    body: null
    headers:
      Accept:
      - application/json
      Accept-Encoding:
      - gzip, deflate
      Connection:
      - keep-alive
      User-Agent:
      - python-requests/2.26.0
    method: GET
    uri: http://localhost:19120/api/v1/trees
  response:
    body:
      string: "{\n  \"token\" : null,\n  \"references\" : [ {\n    \"type\" : \"BRANCH\",\n
        \   \"name\" : \"main\",\n    \"hash\" : \"9f983acf8888862652e98bb2528fc835afe1a119ad2f193e5158720438679e95\"\n
        \ }, {\n    \"type\" : \"BRANCH\",\n    \"name\" : \"dev\",\n    \"hash\"
        : \"9f983acf8888862652e98bb2528fc835afe1a119ad2f193e5158720438679e95\"\n  },
        {\n    \"type\" : \"TAG\",\n    \"name\" : \"v1.0\",\n    \"hash\" : \"9f983acf8888862652e98bb2528fc835afe1a119ad2f193e5158720438679e95\"\n
        \ } ],\n  \"hasMore\" : false\n}"
    headers:
      Content-Type:
      - application/json
      content-length:
      - '451'
    status:
      code: 200
      message: OK
version: 1
