interactions:
- request:
    body: '{"hash": null, "name": "dev", "type": "BRANCH"}'
    headers:
      Accept:
      - '*/*'
      Accept-Encoding:
      - gzip, deflate
      Connection:
      - keep-alive
      Content-Length:
      - '47'
      Content-Type:
      - application/json
      User-Agent:
      - python-requests/2.25.1
    method: POST
    uri: http://localhost:19120/api/v1/trees/tree
  response:
    body:
      string: "{\n  \"type\" : \"BRANCH\",\n  \"name\" : \"dev\",\n  \"hash\" : \"2e1cfa82b035c26cbbbdae632cea070514eb8b773f616aaeaf668e2f0be8f10d\"\n}"
    headers:
      Content-Length:
      - '120'
      Content-Type:
      - application/json
    status:
      code: 200
      message: OK
- request:
    body: null
    headers:
      Accept:
      - application/json
      Accept-Encoding:
      - gzip, deflate
      Connection:
      - keep-alive
      User-Agent:
      - python-requests/2.25.1
    method: GET
    uri: http://localhost:19120/api/v1/trees
  response:
    body:
      string: "[ {\n  \"type\" : \"BRANCH\",\n  \"name\" : \"main\",\n  \"hash\" :
        \"750dc5abd0677e158e42354042156d940469f979c3c99a59db60e72820837de1\"\n}, {\n
        \ \"type\" : \"BRANCH\",\n  \"name\" : \"dev\",\n  \"hash\" : \"2e1cfa82b035c26cbbbdae632cea070514eb8b773f616aaeaf668e2f0be8f10d\"\n}
        ]"
    headers:
      Content-Length:
      - '247'
      Content-Type:
      - application/json
    status:
      code: 200
      message: OK
- request:
    body: null
    headers:
      Accept:
      - application/json
      Accept-Encoding:
      - gzip, deflate
      Connection:
      - keep-alive
      User-Agent:
      - python-requests/2.25.1
    method: GET
    uri: http://localhost:19120/api/v1/contents/foo.bar?ref=dev
  response:
    body:
      string: "{\n  \"message\" : \"Requested contents do not exist for specified
        reference.\",\n  \"status\" : 404,\n  \"reason\" : \"Not Found\",\n  \"serverStackTrace\"
        : null\n}"
    headers:
      Content-Length:
      - '149'
      Content-Type:
      - application/json
    status:
      code: 404
      message: Not Found
- request:
    body: '{"commitMeta": {"email": null, "hash": null, "commitTime": null, "author":
      null, "committer": null, "authorTime": null, "message": "test_message", "properties":
      null, "signedOffBy": null}, "operations": [{"contents": {"metadataLocation":
      "/a/b/c", "id": "uuid", "type": "ICEBERG_TABLE"}, "key": {"elements": ["foo",
      "bar"]}, "type": "PUT"}]}'
    headers:
      Accept:
      - '*/*'
      Accept-Encoding:
      - gzip, deflate
      Connection:
      - keep-alive
      Content-Length:
      - '341'
      Content-Type:
      - application/json
      User-Agent:
      - python-requests/2.25.1
    method: POST
    uri: http://localhost:19120/api/v1/trees/branch/dev/commit?expectedHash=2e1cfa82b035c26cbbbdae632cea070514eb8b773f616aaeaf668e2f0be8f10d
  response:
    body:
      string: "{\n  \"type\" : \"BRANCH\",\n  \"name\" : \"dev\",\n  \"hash\" : \"973e575231ebea20f7b7c3b881778de18486ed6c40f83d3d4b5612ba8c3b0a24\"\n}"
    headers:
      Content-Length:
      - '120'
      Content-Type:
      - application/json
    status:
      code: 200
      message: OK
- request:
    body: null
    headers:
      Accept:
      - application/json
      Accept-Encoding:
      - gzip, deflate
      Connection:
      - keep-alive
      User-Agent:
      - python-requests/2.25.1
    method: GET
    uri: http://localhost:19120/api/v1/trees/tree/main
  response:
    body:
      string: "{\n  \"type\" : \"BRANCH\",\n  \"name\" : \"main\",\n  \"hash\" : \"750dc5abd0677e158e42354042156d940469f979c3c99a59db60e72820837de1\"\n}"
    headers:
      Content-Length:
      - '121'
      Content-Type:
      - application/json
    status:
      code: 200
      message: OK
- request:
    body: null
    headers:
      Accept:
      - application/json
      Accept-Encoding:
      - gzip, deflate
      Connection:
      - keep-alive
      User-Agent:
      - python-requests/2.25.1
    method: GET
    uri: http://localhost:19120/api/v1/trees/tree/dev
  response:
    body:
      string: "{\n  \"type\" : \"BRANCH\",\n  \"name\" : \"dev\",\n  \"hash\" : \"973e575231ebea20f7b7c3b881778de18486ed6c40f83d3d4b5612ba8c3b0a24\"\n}"
    headers:
      Content-Length:
      - '120'
      Content-Type:
      - application/json
    status:
      code: 200
      message: OK
- request:
    body: '{"hash": "973e575231ebea20f7b7c3b881778de18486ed6c40f83d3d4b5612ba8c3b0a24",
      "name": "main", "type": "BRANCH"}'
    headers:
      Accept:
      - '*/*'
      Accept-Encoding:
      - gzip, deflate
      Connection:
      - keep-alive
      Content-Length:
      - '110'
      Content-Type:
      - application/json
      User-Agent:
      - python-requests/2.25.1
    method: PUT
    uri: http://localhost:19120/api/v1/trees/branch/main?expectedHash=750dc5abd0677e158e42354042156d940469f979c3c99a59db60e72820837de1
  response:
    body:
      string: ''
    headers: {}
    status:
      code: 204
      message: No Content
- request:
    body: null
    headers:
      Accept:
      - application/json
      Accept-Encoding:
      - gzip, deflate
      Connection:
      - keep-alive
      User-Agent:
      - python-requests/2.25.1
    method: GET
    uri: http://localhost:19120/api/v1/trees
  response:
    body:
      string: "[ {\n  \"type\" : \"BRANCH\",\n  \"name\" : \"main\",\n  \"hash\" :
        \"973e575231ebea20f7b7c3b881778de18486ed6c40f83d3d4b5612ba8c3b0a24\"\n}, {\n
        \ \"type\" : \"BRANCH\",\n  \"name\" : \"dev\",\n  \"hash\" : \"973e575231ebea20f7b7c3b881778de18486ed6c40f83d3d4b5612ba8c3b0a24\"\n}
        ]"
    headers:
      Content-Length:
      - '247'
      Content-Type:
      - application/json
    status:
      code: 200
      message: OK
- request:
    body: null
    headers:
      Accept:
      - application/json
      Accept-Encoding:
      - gzip, deflate
      Connection:
      - keep-alive
      User-Agent:
      - python-requests/2.25.1
    method: GET
    uri: http://localhost:19120/api/v1/trees/tree/v1.0
  response:
    body:
      string: "{\n  \"message\" : \"Unable to find reference [v1.0].\",\n  \"status\"
        : 404,\n  \"reason\" : \"Not Found\",\n  \"serverStackTrace\" : null\n}"
    headers:
      Content-Length:
      - '125'
      Content-Type:
      - application/json
    status:
      code: 404
      message: Not Found
- request:
    body: null
    headers:
      Accept:
      - application/json
      Accept-Encoding:
      - gzip, deflate
      Connection:
      - keep-alive
      User-Agent:
      - python-requests/2.25.1
    method: GET
    uri: http://localhost:19120/api/v1/trees/tree/main
  response:
    body:
      string: "{\n  \"type\" : \"BRANCH\",\n  \"name\" : \"main\",\n  \"hash\" : \"973e575231ebea20f7b7c3b881778de18486ed6c40f83d3d4b5612ba8c3b0a24\"\n}"
    headers:
      Content-Length:
      - '121'
      Content-Type:
      - application/json
    status:
      code: 200
      message: OK
- request:
    body: '{"hash": "973e575231ebea20f7b7c3b881778de18486ed6c40f83d3d4b5612ba8c3b0a24",
      "name": "v1.0", "type": "TAG"}'
    headers:
      Accept:
      - '*/*'
      Accept-Encoding:
      - gzip, deflate
      Connection:
      - keep-alive
      Content-Length:
      - '107'
      Content-Type:
      - application/json
      User-Agent:
      - python-requests/2.25.1
    method: POST
    uri: http://localhost:19120/api/v1/trees/tree
  response:
    body:
      string: "{\n  \"type\" : \"TAG\",\n  \"name\" : \"v1.0\",\n  \"hash\" : \"973e575231ebea20f7b7c3b881778de18486ed6c40f83d3d4b5612ba8c3b0a24\"\n}"
    headers:
      Content-Length:
      - '118'
      Content-Type:
      - application/json
    status:
      code: 200
      message: OK
- request:
    body: null
    headers:
      Accept:
      - application/json
      Accept-Encoding:
      - gzip, deflate
      Connection:
      - keep-alive
      User-Agent:
      - python-requests/2.25.1
    method: GET
    uri: http://localhost:19120/api/v1/trees
  response:
    body:
      string: "[ {\n  \"type\" : \"BRANCH\",\n  \"name\" : \"main\",\n  \"hash\" :
        \"973e575231ebea20f7b7c3b881778de18486ed6c40f83d3d4b5612ba8c3b0a24\"\n}, {\n
        \ \"type\" : \"TAG\",\n  \"name\" : \"v1.0\",\n  \"hash\" : \"973e575231ebea20f7b7c3b881778de18486ed6c40f83d3d4b5612ba8c3b0a24\"\n},
        {\n  \"type\" : \"BRANCH\",\n  \"name\" : \"dev\",\n  \"hash\" : \"973e575231ebea20f7b7c3b881778de18486ed6c40f83d3d4b5612ba8c3b0a24\"\n}
        ]"
    headers:
      Content-Length:
      - '367'
      Content-Type:
      - application/json
    status:
      code: 200
      message: OK
- request:
    body: null
    headers:
      Accept:
      - application/json
      Accept-Encoding:
      - gzip, deflate
      Connection:
      - keep-alive
      User-Agent:
      - python-requests/2.25.1
    method: GET
    uri: http://localhost:19120/api/v1/trees/tree/v1.0
  response:
    body:
      string: "{\n  \"type\" : \"TAG\",\n  \"name\" : \"v1.0\",\n  \"hash\" : \"973e575231ebea20f7b7c3b881778de18486ed6c40f83d3d4b5612ba8c3b0a24\"\n}"
    headers:
      Content-Length:
      - '118'
      Content-Type:
      - application/json
    status:
      code: 200
      message: OK
- request:
    body: null
    headers:
      Accept:
      - application/json
      Accept-Encoding:
      - gzip, deflate
      Connection:
      - keep-alive
      User-Agent:
      - python-requests/2.25.1
    method: GET
    uri: http://localhost:19120/api/v1/trees/tree/dev
  response:
    body:
      string: "{\n  \"type\" : \"BRANCH\",\n  \"name\" : \"dev\",\n  \"hash\" : \"973e575231ebea20f7b7c3b881778de18486ed6c40f83d3d4b5612ba8c3b0a24\"\n}"
    headers:
      Content-Length:
      - '120'
      Content-Type:
      - application/json
    status:
      code: 200
      message: OK
- request:
    body: '{"hash": "973e575231ebea20f7b7c3b881778de18486ed6c40f83d3d4b5612ba8c3b0a24",
      "name": "v1.0", "type": "TAG"}'
    headers:
      Accept:
      - '*/*'
      Accept-Encoding:
      - gzip, deflate
      Connection:
      - keep-alive
      Content-Length:
      - '107'
      Content-Type:
      - application/json
      User-Agent:
      - python-requests/2.25.1
    method: PUT
    uri: http://localhost:19120/api/v1/trees/tag/v1.0?expectedHash=973e575231ebea20f7b7c3b881778de18486ed6c40f83d3d4b5612ba8c3b0a24
  response:
    body:
      string: ''
    headers: {}
    status:
      code: 204
      message: No Content
- request:
    body: null
    headers:
      Accept:
      - application/json
      Accept-Encoding:
      - gzip, deflate
      Connection:
      - keep-alive
      User-Agent:
      - python-requests/2.25.1
    method: GET
    uri: http://localhost:19120/api/v1/trees
  response:
    body:
      string: "[ {\n  \"type\" : \"BRANCH\",\n  \"name\" : \"main\",\n  \"hash\" :
        \"973e575231ebea20f7b7c3b881778de18486ed6c40f83d3d4b5612ba8c3b0a24\"\n}, {\n
        \ \"type\" : \"TAG\",\n  \"name\" : \"v1.0\",\n  \"hash\" : \"973e575231ebea20f7b7c3b881778de18486ed6c40f83d3d4b5612ba8c3b0a24\"\n},
        {\n  \"type\" : \"BRANCH\",\n  \"name\" : \"dev\",\n  \"hash\" : \"973e575231ebea20f7b7c3b881778de18486ed6c40f83d3d4b5612ba8c3b0a24\"\n}
        ]"
    headers:
      Content-Length:
      - '367'
      Content-Type:
      - application/json
    status:
      code: 200
      message: OK
- request:
    body: null
    headers:
      Accept:
      - application/json
      Accept-Encoding:
      - gzip, deflate
      Connection:
      - keep-alive
      User-Agent:
      - python-requests/2.25.1
    method: GET
    uri: http://localhost:19120/api/v1/trees/tree/dev
  response:
    body:
      string: "{\n  \"type\" : \"BRANCH\",\n  \"name\" : \"dev\",\n  \"hash\" : \"973e575231ebea20f7b7c3b881778de18486ed6c40f83d3d4b5612ba8c3b0a24\"\n}"
    headers:
      Content-Length:
      - '120'
      Content-Type:
      - application/json
    status:
      code: 200
      message: OK
- request:
    body: null
    headers:
      Accept:
      - application/json
      Accept-Encoding:
      - gzip, deflate
      Connection:
      - keep-alive
      Content-Length:
      - '0'
      User-Agent:
      - python-requests/2.25.1
    method: DELETE
    uri: http://localhost:19120/api/v1/trees/branch/dev?expectedHash=973e575231ebea20f7b7c3b881778de18486ed6c40f83d3d4b5612ba8c3b0a24
  response:
    body:
      string: ''
    headers: {}
    status:
      code: 204
      message: No Content
- request:
    body: null
    headers:
      Accept:
      - application/json
      Accept-Encoding:
      - gzip, deflate
      Connection:
      - keep-alive
      User-Agent:
      - python-requests/2.25.1
    method: GET
    uri: http://localhost:19120/api/v1/trees/tree/v1.0
  response:
    body:
      string: "{\n  \"type\" : \"TAG\",\n  \"name\" : \"v1.0\",\n  \"hash\" : \"973e575231ebea20f7b7c3b881778de18486ed6c40f83d3d4b5612ba8c3b0a24\"\n}"
    headers:
      Content-Length:
      - '118'
      Content-Type:
      - application/json
    status:
      code: 200
      message: OK
- request:
    body: null
    headers:
      Accept:
      - application/json
      Accept-Encoding:
      - gzip, deflate
      Connection:
      - keep-alive
      Content-Length:
      - '0'
      User-Agent:
      - python-requests/2.25.1
    method: DELETE
    uri: http://localhost:19120/api/v1/trees/tag/v1.0?expectedHash=973e575231ebea20f7b7c3b881778de18486ed6c40f83d3d4b5612ba8c3b0a24
  response:
    body:
      string: ''
    headers: {}
    status:
      code: 204
      message: No Content
- request:
    body: null
    headers:
      Accept:
      - application/json
      Accept-Encoding:
      - gzip, deflate
      Connection:
      - keep-alive
      User-Agent:
      - python-requests/2.25.1
    method: GET
    uri: http://localhost:19120/api/v1/trees/tree/main/log
  response:
    body:
      string: "{\n  \"hasMore\" : false,\n  \"token\" : null,\n  \"operations\" :
        [ {\n    \"hash\" : \"973e575231ebea20f7b7c3b881778de18486ed6c40f83d3d4b5612ba8c3b0a24\",\n
        \   \"committer\" : \"\",\n    \"author\" : \"\",\n    \"signedOffBy\" : null,\n
        \   \"message\" : \"test_message\",\n    \"commitTime\" : \"2021-06-22T10:40:44.616196Z\",\n
        \   \"authorTime\" : \"2021-06-22T10:40:44.616196Z\",\n    \"properties\"
        : { }\n  } ]\n}"
    headers:
      Content-Length:
      - '372'
      Content-Type:
      - application/json
    status:
      code: 200
      message: OK
- request:
    body: null
    headers:
      Accept:
      - application/json
      Accept-Encoding:
      - gzip, deflate
      Connection:
      - keep-alive
      User-Agent:
      - python-requests/2.25.1
    method: GET
    uri: http://localhost:19120/api/v1/contents/foo.bar?ref=main
  response:
    body:
      string: "{\n  \"type\" : \"ICEBERG_TABLE\",\n  \"id\" : \"uuid\",\n  \"metadataLocation\"
        : \"/a/b/c\"\n}"
    headers:
      Content-Length:
      - '80'
      Content-Type:
      - application/json
    status:
      code: 200
      message: OK
- request:
    body: '{"commitMeta": {"email": null, "hash": null, "commitTime": null, "author":
      null, "committer": null, "authorTime": null, "message": "delete_message", "properties":
      null, "signedOffBy": null}, "operations": [{"key": {"elements": ["foo", "bar"]},
      "type": "DELETE"}]}'
    headers:
      Accept:
      - '*/*'
      Accept-Encoding:
      - gzip, deflate
      Connection:
      - keep-alive
      Content-Length:
      - '263'
      Content-Type:
      - application/json
      User-Agent:
      - python-requests/2.25.1
    method: POST
    uri: http://localhost:19120/api/v1/trees/branch/main/commit?expectedHash=973e575231ebea20f7b7c3b881778de18486ed6c40f83d3d4b5612ba8c3b0a24
  response:
    body:
      string: "{\n  \"type\" : \"BRANCH\",\n  \"name\" : \"main\",\n  \"hash\" : \"418f3e759fb9ac73c9e6c355750227462aa80827a457e04f445b5fe6d5c56d60\"\n}"
    headers:
      Content-Length:
      - '121'
      Content-Type:
      - application/json
    status:
      code: 200
      message: OK
- request:
    body: null
    headers:
      Accept:
      - application/json
      Accept-Encoding:
      - gzip, deflate
      Connection:
      - keep-alive
      User-Agent:
      - python-requests/2.25.1
    method: GET
    uri: http://localhost:19120/api/v1/trees/tree/main
  response:
    body:
      string: "{\n  \"type\" : \"BRANCH\",\n  \"name\" : \"main\",\n  \"hash\" : \"418f3e759fb9ac73c9e6c355750227462aa80827a457e04f445b5fe6d5c56d60\"\n}"
    headers:
      Content-Length:
      - '121'
      Content-Type:
      - application/json
    status:
      code: 200
      message: OK
- request:
    body: null
    headers:
      Accept:
      - application/json
      Accept-Encoding:
      - gzip, deflate
      Connection:
      - keep-alive
      Content-Length:
      - '0'
      User-Agent:
      - python-requests/2.25.1
    method: DELETE
    uri: http://localhost:19120/api/v1/trees/branch/main?expectedHash=418f3e759fb9ac73c9e6c355750227462aa80827a457e04f445b5fe6d5c56d60
  response:
    body:
      string: ''
    headers: {}
    status:
      code: 204
      message: No Content
- request:
    body: '{"hash": null, "name": "main", "type": "BRANCH"}'
    headers:
      Accept:
      - '*/*'
      Accept-Encoding:
      - gzip, deflate
      Connection:
      - keep-alive
      Content-Length:
      - '48'
      Content-Type:
      - application/json
      User-Agent:
      - python-requests/2.25.1
    method: POST
    uri: http://localhost:19120/api/v1/trees/tree
  response:
    body:
      string: "{\n  \"type\" : \"BRANCH\",\n  \"name\" : \"main\",\n  \"hash\" : \"2e1cfa82b035c26cbbbdae632cea070514eb8b773f616aaeaf668e2f0be8f10d\"\n}"
    headers:
      Content-Length:
      - '121'
      Content-Type:
      - application/json
    status:
      code: 200
      message: OK
version: 1
